Archive member included to satisfy reference by file (symbol)

C:/devkitPro/libctru/lib\libctru.a(console.o)
                              main.o (consoleInit)
C:/devkitPro/libctru/lib\libctru.a(gfx.o)
                              C:/devkitPro/libctru/lib\libctru.a(console.o) (gfxIsWide)
C:/devkitPro/libctru/lib\libctru.a(apt.o)
                              main.o (aptMainLoop)
C:/devkitPro/libctru/lib\libctru.a(fs.o)
                              main.o (fsInit)
C:/devkitPro/libctru/lib\libctru.a(gspgpu.o)
                              C:/devkitPro/libctru/lib\libctru.a(gfx.o) (gspInit)
C:/devkitPro/libctru/lib\libctru.a(hid.o)
                              main.o (hidScanInput)
C:/devkitPro/libctru/lib\libctru.a(httpc.o)
                              main.o (httpcInit)
C:/devkitPro/libctru/lib\libctru.a(irrst.o)
                              C:/devkitPro/libctru/lib\libctru.a(hid.o) (irrstInit)
C:/devkitPro/libctru/lib\libctru.a(swkbd.o)
                              input.o (swkbdInit)
C:/devkitPro/libctru/lib\libctru.a(utf16_to_utf8.o)
                              C:/devkitPro/libctru/lib\libctru.a(swkbd.o) (utf16_to_utf8)
C:/devkitPro/libctru/lib\libctru.a(utf8_to_utf16.o)
                              C:/devkitPro/libctru/lib\libctru.a(swkbd.o) (utf8_to_utf16)
C:/devkitPro/libctru/lib\libctru.a(ctru_init.o)
                              C:/devkitPro/libctru/lib\libctru.a(apt.o) (__system_retAddr)
C:/devkitPro/libctru/lib\libctru.a(initArgv.o)
                              C:/devkitPro/libctru/lib\libctru.a(ctru_init.o) (__system_initArgv)
C:/devkitPro/libctru/lib\libctru.a(syscalls.o)
                              C:/devkitPro/libctru/lib\libctru.a(ctru_init.o) (__system_initSyscalls)
C:/devkitPro/libctru/lib\libctru.a(svc.o)
                              C:/devkitPro/libctru/lib\libctru.a(apt.o) (svcSleepThread)
C:/devkitPro/libctru/lib\libctru.a(stack_adjust.o)
                              C:/devkitPro/devkitARM/bin/../lib/gcc/arm-none-eabi/15.1.0/../../../../arm-none-eabi/lib/armv6k/fpu/3dsx_crt0.o (initSystem)
C:/devkitPro/libctru/lib\libctru.a(default_font.bin.o)
                              C:/devkitPro/libctru/lib\libctru.a(console.o) (default_font_bin)
C:/devkitPro/libctru/lib\libctru.a(linear.o)
                              C:/devkitPro/libctru/lib\libctru.a(gfx.o) (linearAlloc)
C:/devkitPro/libctru/lib\libctru.a(mem_pool.o)
                              C:/devkitPro/libctru/lib\libctru.a(linear.o) (MemPool::Allocate(MemChunk&, unsigned long, int))
C:/devkitPro/libctru/lib\libctru.a(vram.o)
                              C:/devkitPro/libctru/lib\libctru.a(gfx.o) (vramAlloc)
C:/devkitPro/libctru/lib\libctru.a(3dslink.o)
                              C:/devkitPro/libctru/lib\libctru.a(initArgv.o) (__3dslink_host)
C:/devkitPro/libctru/lib\libctru.a(env.o)
                              C:/devkitPro/libctru/lib\libctru.a(fs.o) (envGetHandle)
C:/devkitPro/libctru/lib\libctru.a(os.o)
                              C:/devkitPro/libctru/lib\libctru.a(syscalls.o) (osGetTime)
C:/devkitPro/libctru/lib\libctru.a(srv.o)
                              C:/devkitPro/libctru/lib\libctru.a(apt.o) (srvInit)
C:/devkitPro/libctru/lib\libctru.a(synchronization.o)
                              C:/devkitPro/libctru/lib\libctru.a(ctru_init.o) (__sync_init)
C:/devkitPro/libctru/lib\libctru.a(thread.o)
                              C:/devkitPro/libctru/lib\libctru.a(apt.o) (threadCreate)
C:/devkitPro/libctru/lib\libctru.a(mappable.o)
                              C:/devkitPro/libctru/lib\libctru.a(apt.o) (mappableAlloc)
C:/devkitPro/libctru/lib\libctru.a(ptmsysm.o)
                              C:/devkitPro/libctru/lib\libctru.a(os.o) (ptmSysmInit)
C:/devkitPro/libctru/lib\libctru.a(srvpm.o)
                              C:/devkitPro/libctru/lib\libctru.a(srv.o) (srvPmGetSessionHandle)
C:/devkitPro/libctru/lib\libctru.a(soc_connect.o)
                              C:/devkitPro/libctru/lib\libctru.a(3dslink.o) (connect)
C:/devkitPro/libctru/lib\libctru.a(soc_socket.o)
                              C:/devkitPro/libctru/lib\libctru.a(3dslink.o) (socket)
C:/devkitPro/libctru/lib\libctru.a(rbtree_find.o)
                              C:/devkitPro/libctru/lib\libctru.a(linear.o) (rbtree_find)
C:/devkitPro/libctru/lib\libctru.a(rbtree_init.o)
                              C:/devkitPro/libctru/lib\libctru.a(linear.o) (rbtree_init)
C:/devkitPro/libctru/lib\libctru.a(rbtree_insert.o)
                              C:/devkitPro/libctru/lib\libctru.a(linear.o) (rbtree_insert)
C:/devkitPro/libctru/lib\libctru.a(rbtree_remove.o)
                              C:/devkitPro/libctru/lib\libctru.a(linear.o) (rbtree_remove)
C:/devkitPro/libctru/lib\libctru.a(rbtree_rotate.o)
                              C:/devkitPro/libctru/lib\libctru.a(rbtree_insert.o) (rbtree_rotate)
C:/devkitPro/libctru/lib\libctru.a(decode_utf16.o)
                              C:/devkitPro/libctru/lib\libctru.a(utf16_to_utf8.o) (decode_utf16)
[...]
Memory Configuration

Name             Origin             Length             Attributes
*default*        0x00000000         0xffffffff

Linker script and memory map

                0x00000000                        __sync_synchronize = __sync_synchronize_dmb
                0x00100000                        PROVIDE (__start__ = 0x100000)
                0x00100000                        . = __start__

.text           0x00100000    0x1d2e8
 *(.crt0)
 .crt0          0x00100000       0x94 C:/devkitPro/devkitARM/bin/../lib/gcc/arm-none-eabi/15.1.0/../../../../arm-none-eabi/lib/armv6k/fpu/3dsx_crt0.o
                0x00100000                _start
                0x00100008                __service_ptr
                0x0010000c                __apt_appid
                0x00100010                __heap_size
                0x00100014                __linear_heap_size
                0x00100018                __system_arglist
                0x0010001c                __system_runflags
 *(.init)
 .init          0x00100094        0xc C:/devkitPro/devkitARM/bin/../lib/gcc/arm-none-eabi/15.1.0/armv6k/fpu/crti.o
                0x00100094                _init
 .init          0x001000a0        0xc C:/devkitPro/devkitARM/bin/../lib/gcc/arm-none-eabi/15.1.0/armv6k/fpu/crtn.o
                0x001000ac                        . = ALIGN (0x4)
 *(.text)
 .text          0x001000ac      0x240 C:/devkitPro/devkitARM/bin/../lib/gcc/arm-none-eabi/15.1.0/armv6k/fpu\libgcc.a(_divsi3.o)
                0x001000ac                __divsi3
                0x001000ac                __aeabi_idiv
                0x001002cc                __aeabi_idivmod
 .text          0x001002ec        0x4 C:/devkitPro/devkitARM/bin/../lib/gcc/arm-none-eabi/15.1.0/armv6k/fpu\libgcc.a(_dvmd_tls.o)
                0x001002ec                __aeabi_idiv0
                0x001002ec                __aeabi_ldiv0
 .text          0x001002f0       0x3c C:/devkitPro/devkitARM/bin/../lib/gcc/arm-none-eabi/15.1.0/armv6k/fpu\libgcc.a(_aeabi_uldivmod.o)
                0x001002f0                __aeabi_uldivmod
 .text          0x0010032c      0x1a8 C:/devkitPro/devkitARM/bin/../lib/gcc/arm-none-eabi/15.1.0/armv6k/fpu\libgcc.a(libunwind.o)
                0x0010032c                __restore_core_regs
                0x0010032c                restore_core_regs
                0x00100340                __gnu_Unwind_Restore_VFP
                0x00100348                __gnu_Unwind_Save_VFP
                0x00100350                __gnu_Unwind_Restore_VFP_D
                0x00100358                __gnu_Unwind_Save_VFP_D
                0x00100360                __gnu_Unwind_Restore_VFP_D_16_to_31
                0x00100368                __gnu_Unwind_Save_VFP_D_16_to_31
                0x00100370                __gnu_Unwind_Restore_WMMXD
                0x001003b4                __gnu_Unwind_Save_WMMXD
                0x001003f8                __gnu_Unwind_Restore_WMMXC
                0x0010040c                __gnu_Unwind_Save_WMMXC
                0x00100420                ___Unwind_RaiseException
                0x00100420                _Unwind_RaiseException
                0x00100444                _Unwind_Resume
                0x00100444                ___Unwind_Resume
                0x00100468                _Unwind_Resume_or_Rethrow
                0x00100468                ___Unwind_Resume_or_Rethrow
                0x0010048c                _Unwind_ForcedUnwind
                0x0010048c                ___Unwind_ForcedUnwind
                0x001004b0                ___Unwind_Backtrace
                0x001004b0                _Unwind_Backtrace
 *fill*         0x001004d4        0xc 
 .text          0x001004e0      0x390 C:/devkitPro/devkitARM/bin/../lib/gcc/arm-none-eabi/15.1.0/../../../../arm-none-eabi/lib/armv6k/fpu\libg.a(libc_a-strcmp.o)
                0x001004e8                strcmp
 .text          0x00100870      0x20c C:/devkitPro/devkitARM/bin/../lib/gcc/arm-none-eabi/15.1.0/armv6k/fpu\libgcc.a(_udivsi3.o)
                0x00100870                __aeabi_uidiv
                0x00100870                __udivsi3
                0x00100a5c                __aeabi_uidivmod
 *(.text.*)
 .text.__do_global_dtors_aux
                0x00100a7c       0x50 C:/devkitPro/devkitARM/bin/../lib/gcc/arm-none-eabi/15.1.0/armv6k/fpu/crtbegin.o
 .text.frame_dummy
                0x00100acc       0x2c C:/devkitPro/devkitARM/bin/../lib/gcc/arm-none-eabi/15.1.0/armv6k/fpu/crtbegin.o
 .text._ZNSt6vectorIhSaIhEE17_M_default_appendEj
                0x00100af8      0x138 DownloadFromURL.o
                0x00100af8                std::vector<unsigned char, std::allocator<unsigned char> >::_M_default_append(unsigned int)
 .text._Z16downloadToBufferRKNSt7__cxx1112basic_stringIcSt11char_traitsIcESaIcEEERSt6vectorIhSaIhEEi
                0x00100c30      0x294 DownloadFromURL.o
                0x00100c30                downloadToBuffer(std::__cxx11::basic_string<char, std::char_traits<char>, std::allocator<char> > const&, std::vector<unsigned char, std::allocator<unsigned char> >&, int)
 .text._Z12downloadToSDRKNSt7__cxx1112basic_stringIcSt11char_traitsIcESaIcEEES6_
                0x00100ec4      0x124 DownloadFromURL.o
                0x00100ec4                downloadToSD(std::__cxx11::basic_string<char, std::char_traits<char>, std::allocator<char> > const&, std::__cxx11::basic_string<char, std::char_traits<char>, std::allocator<char> > const&)
 .text._Z11downloadURLRKNSt7__cxx1112basic_stringIcSt11char_traitsIcESaIcEEES6_S6_
                0x00100fe8      0x1a8 DownloadFromURL.o
                0x00100fe8                downloadURL(std::__cxx11::basic_string<char, std::char_traits<char>, std::allocator<char> > const&, std::__cxx11::basic_string<char, std::char_traits<char>, std::allocator<char> > const&, std::__cxx11::basic_string<char, std::char_traits<char>, std::allocator<char> > const&)
 .text._ZNSt7__cxx1112basic_stringIcSt11char_traitsIcESaIcEE12_M_constructIPKcEEvT_S8_St20forward_iterator_tag.isra.0
                0x00101190       0x94 input.o
 .text._Z12getTextInputRKNSt7__cxx1112basic_stringIcSt11char_traitsIcESaIcEEEi
                0x00101224       0xb4 input.o
                0x00101224                getTextInput(std::__cxx11::basic_string<char, std::char_traits<char>, std::allocator<char> > const&, int)
 .text._ZNSt7__cxx1112basic_stringIcSt11char_traitsIcESaIcEE12_M_constructIPKcEEvT_S8_St20forward_iterator_tag.isra.0
                0x001012d8       0x94 main.o
 .text.startup.main
                0x0010136c      0x354 main.o
                0x0010136c                main
 .text.consoleDrawChar
                0x001016c0      0x1c8 C:/devkitPro/libctru/lib\libctru.a(console.o)
                0x001016c0                consoleDrawChar
 .text.consolePrintChar
                0x00101888      0x170 C:/devkitPro/libctru/lib\libctru.a(console.o)
                0x00101888                consolePrintChar
 .text.con_write
                0x001019f8      0xc40 C:/devkitPro/libctru/lib\libctru.a(console.o)
                0x001019f8                con_write
 .text.newRow   0x00102638      0x110 C:/devkitPro/libctru/lib\libctru.a(console.o)
 .text.consoleInit
                0x00102748      0x180 C:/devkitPro/libctru/lib\libctru.a(console.o)
                0x00102748                consoleInit
 .text.consoleClear
                0x001028c8       0xb8 C:/devkitPro/libctru/lib\libctru.a(console.o)
                0x001028c8                consoleClear
 .text.gfxPresentFramebuffer
                0x00102980       0xcc C:/devkitPro/libctru/lib\libctru.a(gfx.o)
 .text.gfxIsWide
                0x00102a4c       0x1c C:/devkitPro/libctru/lib\libctru.a(gfx.o)
                0x00102a4c                gfxIsWide
 .text.gfxSetScreenFormat
                0x00102a68       0xf8 C:/devkitPro/libctru/lib\libctru.a(gfx.o)
                0x00102a68                gfxSetScreenFormat
 .text.gfxSetDoubleBuffering
                0x00102b60       0x10 C:/devkitPro/libctru/lib\libctru.a(gfx.o)
                0x00102b60                gfxSetDoubleBuffering
 .text.gfxInit  0x00102b70       0xd8 C:/devkitPro/libctru/lib\libctru.a(gfx.o)
                0x00102b70                gfxInit
 .text.gfxInitDefault
                0x00102c48       0x10 C:/devkitPro/libctru/lib\libctru.a(gfx.o)
                0x00102c48                gfxInitDefault
 .text.gfxExit  0x00102c58       0xb8 C:/devkitPro/libctru/lib\libctru.a(gfx.o)
                0x00102c58                gfxExit
 .text.gfxGetFramebuffer
                0x00102d10       0xa0 C:/devkitPro/libctru/lib\libctru.a(gfx.o)
                0x00102d10                gfxGetFramebuffer
 .text.gfxFlushBuffers
                0x00102db0      0x100 C:/devkitPro/libctru/lib\libctru.a(gfx.o)
                0x00102db0                gfxFlushBuffers
 .text.gfxSwapBuffersGpu
                0x00102eb0       0x50 C:/devkitPro/libctru/lib\libctru.a(gfx.o)
                0x00102eb0                gfxSwapBuffersGpu
 .text.aptConvertScreenForCapture
                0x00102f00      0x180 C:/devkitPro/libctru/lib\libctru.a(apt.o)
 .text.aptDspSleep
                0x00103080        0x8 C:/devkitPro/libctru/lib\libctru.a(apt.o)
                0x00103080                aptDspSleep
 .text.aptDspWakeup
                0x00103088        0x4 C:/devkitPro/libctru/lib\libctru.a(apt.o)
                0x00103088                aptDspWakeup
 .text.aptDspCancel
                0x0010308c        0x4 C:/devkitPro/libctru/lib\libctru.a(apt.o)
                0x0010308c                aptDspCancel
 .text.aptSendCommand
                0x00103090      0x138 C:/devkitPro/libctru/lib\libctru.a(apt.o)
                0x00103090                aptSendCommand
 .text.aptExitProcess
                0x001031c8       0x44 C:/devkitPro/libctru/lib\libctru.a(apt.o)
 .text.aptExit  0x0010320c      0x394 C:/devkitPro/libctru/lib\libctru.a(apt.o)
                0x0010320c                aptExit
 .text.aptHandleSleep
                0x001035a0       0xd8 C:/devkitPro/libctru/lib\libctru.a(apt.o)
                0x001035a0                aptHandleSleep
 .text.aptSetMessageCallback
                0x00103678       0x1c C:/devkitPro/libctru/lib\libctru.a(apt.o)
                0x00103678                aptSetMessageCallback
 .text.APT_SleepIfShellClosed
                0x00103694       0x84 C:/devkitPro/libctru/lib\libctru.a(apt.o)
                0x00103694                APT_SleepIfShellClosed
 .text.aptSetSleepAllowed
                0x00103718       0x78 C:/devkitPro/libctru/lib\libctru.a(apt.o)
                0x00103718                aptSetSleepAllowed
 .text.APT_UnlockTransition
                0x00103790       0x84 C:/devkitPro/libctru/lib\libctru.a(apt.o)
                0x00103790                APT_UnlockTransition
 *fill*         0x00103814        0x4 
 .text.aptEventHandler
                0x00103818      0x470 C:/devkitPro/libctru/lib\libctru.a(apt.o)
 .text.APT_ReceiveParameter
                0x00103c88       0xbc C:/devkitPro/libctru/lib\libctru.a(apt.o)
                0x00103c88                APT_ReceiveParameter
 .text.aptReceiveParameter.constprop.0
                0x00103d44       0xb0 C:/devkitPro/libctru/lib\libctru.a(apt.o)
 *fill*         0x00103df4        0x4 
 .text.aptScreenTransfer
                0x00103df8      0x294 C:/devkitPro/libctru/lib\libctru.a(apt.o)
 .text.aptWaitForWakeUp.isra.0
                0x0010408c      0x2d0 C:/devkitPro/libctru/lib\libctru.a(apt.o)
 .text.aptLaunchLibraryApplet
                0x0010435c      0x114 C:/devkitPro/libctru/lib\libctru.a(apt.o)
                0x0010435c                aptLaunchLibraryApplet
 .text.aptJumpToHomeMenu
                0x00104470       0xf4 C:/devkitPro/libctru/lib\libctru.a(apt.o)
                0x00104470                aptJumpToHomeMenu
 .text.aptMainLoop
                0x00104564       0x58 C:/devkitPro/libctru/lib\libctru.a(apt.o)
                0x00104564                aptMainLoop
 .text.aptInit  0x001045bc      0x240 C:/devkitPro/libctru/lib\libctru.a(apt.o)
                0x001045bc                aptInit
 .text.APT_SendParameter
                0x001047fc       0x5c C:/devkitPro/libctru/lib\libctru.a(apt.o)
                0x001047fc                APT_SendParameter
 .text.APT_CheckNew3DS
                0x00104858       0x90 C:/devkitPro/libctru/lib\libctru.a(apt.o)
                0x00104858                APT_CheckNew3DS
 .text.fsInit   0x001048e8      0x104 C:/devkitPro/libctru/lib\libctru.a(fs.o)
                0x001048e8                fsInit
 .text.fsExit   0x001049ec       0x3c C:/devkitPro/libctru/lib\libctru.a(fs.o)
                0x001049ec                fsExit
 .text.fsExemptFromSession
                0x00104a28       0x68 C:/devkitPro/libctru/lib\libctru.a(fs.o)
                0x00104a28                fsExemptFromSession
 .text.fsUnexemptFromSession
                0x00104a90       0x50 C:/devkitPro/libctru/lib\libctru.a(fs.o)
                0x00104a90                fsUnexemptFromSession
 .text.fsMakePath
                0x00104ae0       0xa0 C:/devkitPro/libctru/lib\libctru.a(fs.o)
                0x00104ae0                fsMakePath
 .text.FSUSER_OpenFile
                0x00104b80       0xcc C:/devkitPro/libctru/lib\libctru.a(fs.o)
                0x00104b80                FSUSER_OpenFile
 .text.FSUSER_OpenFileDirectly
                0x00104c4c       0xcc C:/devkitPro/libctru/lib\libctru.a(fs.o)
                0x00104c4c                FSUSER_OpenFileDirectly
 .text.FSUSER_DeleteFile
                0x00104d18       0xb8 C:/devkitPro/libctru/lib\libctru.a(fs.o)
                0x00104d18                FSUSER_DeleteFile
 .text.FSUSER_RenameFile
                0x00104dd0       0xf4 C:/devkitPro/libctru/lib\libctru.a(fs.o)
                0x00104dd0                FSUSER_RenameFile
 .text.FSUSER_DeleteDirectory
                0x00104ec4       0xb8 C:/devkitPro/libctru/lib\libctru.a(fs.o)
                0x00104ec4                FSUSER_DeleteDirectory
 .text.FSUSER_CreateFile
                0x00104f7c       0xd0 C:/devkitPro/libctru/lib\libctru.a(fs.o)
                0x00104f7c                FSUSER_CreateFile
 .text.FSUSER_CreateDirectory
                0x0010504c       0xc0 C:/devkitPro/libctru/lib\libctru.a(fs.o)
                0x0010504c                FSUSER_CreateDirectory
 .text.FSUSER_RenameDirectory
                0x0010510c       0xf4 C:/devkitPro/libctru/lib\libctru.a(fs.o)
                0x0010510c                FSUSER_RenameDirectory
 .text.FSUSER_OpenDirectory
                0x00105200       0xb4 C:/devkitPro/libctru/lib\libctru.a(fs.o)
                0x00105200                FSUSER_OpenDirectory
 .text.FSUSER_OpenArchive
                0x001052b4       0x90 C:/devkitPro/libctru/lib\libctru.a(fs.o)
                0x001052b4                FSUSER_OpenArchive
 .text.FSUSER_CloseArchive
                0x00105344       0x8c C:/devkitPro/libctru/lib\libctru.a(fs.o)
                0x00105344                FSUSER_CloseArchive
 .text.FSUSER_GetSdmcArchiveResource
                0x001053d0       0x74 C:/devkitPro/libctru/lib\libctru.a(fs.o)
                0x001053d0                FSUSER_GetSdmcArchiveResource
 .text.FSUSER_IsSdmcWritable
                0x00105444       0x64 C:/devkitPro/libctru/lib\libctru.a(fs.o)
                0x00105444                FSUSER_IsSdmcWritable
 .text.FSFILE_Read
                0x001054a8       0x64 C:/devkitPro/libctru/lib\libctru.a(fs.o)
                0x001054a8                FSFILE_Read
 .text.FSFILE_Write
                0x0010550c       0x6c C:/devkitPro/libctru/lib\libctru.a(fs.o)
                0x0010550c                FSFILE_Write
 .text.FSFILE_GetSize
                0x00105578       0x44 C:/devkitPro/libctru/lib\libctru.a(fs.o)
                0x00105578                FSFILE_GetSize
 .text.FSFILE_SetSize
                0x001055bc       0x28 C:/devkitPro/libctru/lib\libctru.a(fs.o)
                0x001055bc                FSFILE_SetSize
 .text.FSFILE_Close
                0x001055e4       0x3c C:/devkitPro/libctru/lib\libctru.a(fs.o)
                0x001055e4                FSFILE_Close
 .text.FSFILE_Flush
                0x00105620       0x24 C:/devkitPro/libctru/lib\libctru.a(fs.o)
                0x00105620                FSFILE_Flush
 .text.FSDIR_Read
                0x00105644       0x60 C:/devkitPro/libctru/lib\libctru.a(fs.o)
                0x00105644                FSDIR_Read
 .text.FSDIR_Close
                0x001056a4       0x3c C:/devkitPro/libctru/lib\libctru.a(fs.o)
                0x001056a4                FSDIR_Close
 .text.gspHardwareInit
                0x001056e0      0xc70 C:/devkitPro/libctru/lib\libctru.a(gspgpu.o)
 .text.gspInit  0x00106350      0x280 C:/devkitPro/libctru/lib\libctru.a(gspgpu.o)
                0x00106350                gspInit
 .text.gspExit  0x001065d0      0x110 C:/devkitPro/libctru/lib\libctru.a(gspgpu.o)
                0x001065d0                gspExit
 .text.gspHasGpuRight
                0x001066e0       0x10 C:/devkitPro/libctru/lib\libctru.a(gspgpu.o)
                0x001066e0                gspHasGpuRight
 .text.gspPresentBuffer
                0x001066f0       0xa4 C:/devkitPro/libctru/lib\libctru.a(gspgpu.o)
                0x001066f0                gspPresentBuffer
 .text.gspWaitForEvent
                0x00106794       0x50 C:/devkitPro/libctru/lib\libctru.a(gspgpu.o)
                0x00106794                gspWaitForEvent
 .text.gxCmdQueueInterrupt
                0x001067e4        0x4 C:/devkitPro/libctru/lib\libctru.a(gspgpu.o)
                0x001067e4                gxCmdQueueInterrupt
 .text.gspEventThreadMain
                0x001067e8      0x154 C:/devkitPro/libctru/lib\libctru.a(gspgpu.o)
 .text.GSPGPU_FlushDataCache
                0x0010693c       0x50 C:/devkitPro/libctru/lib\libctru.a(gspgpu.o)
                0x0010693c                GSPGPU_FlushDataCache
 .text.GSPGPU_SetLcdForceBlack
                0x0010698c       0x34 C:/devkitPro/libctru/lib\libctru.a(gspgpu.o)
                0x0010698c                GSPGPU_SetLcdForceBlack
 .text.GSPGPU_AcquireRight
                0x001069c0       0x80 C:/devkitPro/libctru/lib\libctru.a(gspgpu.o)
                0x001069c0                GSPGPU_AcquireRight
 .text.GSPGPU_ReleaseRight
                0x00106a40       0x5c C:/devkitPro/libctru/lib\libctru.a(gspgpu.o)
                0x00106a40                GSPGPU_ReleaseRight
 .text.GSPGPU_ImportDisplayCaptureInfo
                0x00106a9c       0x7c C:/devkitPro/libctru/lib\libctru.a(gspgpu.o)
                0x00106a9c                GSPGPU_ImportDisplayCaptureInfo
 .text.GSPGPU_SaveVramSysArea
                0x00106b18       0x2c C:/devkitPro/libctru/lib\libctru.a(gspgpu.o)
                0x00106b18                GSPGPU_SaveVramSysArea
 .text.GSPGPU_RestoreVramSysArea
                0x00106b44       0x2c C:/devkitPro/libctru/lib\libctru.a(gspgpu.o)
                0x00106b44                GSPGPU_RestoreVramSysArea
 .text.hidShouldUseIrrst
                0x00106b70       0x24 C:/devkitPro/libctru/lib\libctru.a(hid.o)
                0x00106b70                hidShouldUseIrrst
 .text.hidInit  0x00106b94      0x1cc C:/devkitPro/libctru/lib\libctru.a(hid.o)
                0x00106b94                hidInit
 .text.hidExit  0x00106d60       0xe8 C:/devkitPro/libctru/lib\libctru.a(hid.o)
                0x00106d60                hidExit
 .text.hidScanInput
                0x00106e48      0x2a0 C:/devkitPro/libctru/lib\libctru.a(hid.o)
                0x00106e48                hidScanInput
 .text.hidKeysDown
                0x001070e8       0x10 C:/devkitPro/libctru/lib\libctru.a(hid.o)
                0x001070e8                hidKeysDown
 .text.httpcInit
                0x001070f8      0x1dc C:/devkitPro/libctru/lib\libctru.a(httpc.o)
                0x001070f8                httpcInit
 .text.httpcExit
                0x001072d4       0xbc C:/devkitPro/libctru/lib\libctru.a(httpc.o)
                0x001072d4                httpcExit
 .text.httpcOpenContext
                0x00107390      0x170 C:/devkitPro/libctru/lib\libctru.a(httpc.o)
                0x00107390                httpcOpenContext
 .text.httpcCloseContext
                0x00107500       0x40 C:/devkitPro/libctru/lib\libctru.a(httpc.o)
                0x00107500                httpcCloseContext
 .text.httpcDownloadData
                0x00107540      0x134 C:/devkitPro/libctru/lib\libctru.a(httpc.o)
                0x00107540                httpcDownloadData
 .text.httpcAddRequestHeaderField
                0x00107674       0x8c C:/devkitPro/libctru/lib\libctru.a(httpc.o)
                0x00107674                httpcAddRequestHeaderField
 .text.httpcBeginRequest
                0x00107700       0x30 C:/devkitPro/libctru/lib\libctru.a(httpc.o)
                0x00107700                httpcBeginRequest
 .text.httpcGetDownloadSizeState
                0x00107730       0x64 C:/devkitPro/libctru/lib\libctru.a(httpc.o)
                0x00107730                httpcGetDownloadSizeState
 .text.httpcGetResponseHeader
                0x00107794       0x8c C:/devkitPro/libctru/lib\libctru.a(httpc.o)
                0x00107794                httpcGetResponseHeader
 .text.httpcGetResponseStatusCode
                0x00107820       0x3c C:/devkitPro/libctru/lib\libctru.a(httpc.o)
                0x00107820                httpcGetResponseStatusCode
 .text.httpcSetSSLOpt
                0x0010785c       0x34 C:/devkitPro/libctru/lib\libctru.a(httpc.o)
                0x0010785c                httpcSetSSLOpt
 .text.irrstInit
                0x00107890      0x1a4 C:/devkitPro/libctru/lib\libctru.a(irrst.o)
                0x00107890                irrstInit
 .text.irrstExit
                0x00107a34       0xdc C:/devkitPro/libctru/lib\libctru.a(irrst.o)
                0x00107a34                irrstExit
 .text.irrstScanInput
                0x00107b10       0xb4 C:/devkitPro/libctru/lib\libctru.a(irrst.o)
                0x00107b10                irrstScanInput
 .text.irrstKeysHeld
                0x00107bc4       0x24 C:/devkitPro/libctru/lib\libctru.a(irrst.o)
                0x00107bc4                irrstKeysHeld
 .text.swkbdMessageCallback
                0x00107be8      0x190 C:/devkitPro/libctru/lib\libctru.a(swkbd.o)
 .text.swkbdInit
                0x00107d78       0x84 C:/devkitPro/libctru/lib\libctru.a(swkbd.o)
                0x00107d78                swkbdInit
 .text.swkbdSetHintText
                0x00107dfc       0x64 C:/devkitPro/libctru/lib\libctru.a(swkbd.o)
                0x00107dfc                swkbdSetHintText
 .text.swkbdInputText
                0x00107e60      0x3a8 C:/devkitPro/libctru/lib\libctru.a(swkbd.o)
                0x00107e60                swkbdInputText
 .text.utf16_to_utf8
                0x00108208       0xe8 C:/devkitPro/libctru/lib\libctru.a(utf16_to_utf8.o)
                0x00108208                utf16_to_utf8
 .text.utf8_to_utf16
                0x001082f0       0xc0 C:/devkitPro/libctru/lib\libctru.a(utf8_to_utf16.o)
                0x001082f0                utf8_to_utf16
 .text.__libctru_init
                0x001083b0       0x38 C:/devkitPro/libctru/lib\libctru.a(ctru_init.o)
                0x001083b0                __libctru_init
 .text.__system_initArgv
                0x001083e8      0x16c C:/devkitPro/libctru/lib\libctru.a(initArgv.o)
                0x001083e8                __system_initArgv
 .text.__syscall_getreent
                0x00108554       0x30 C:/devkitPro/libctru/lib\libctru.a(syscalls.o)
                0x00108554                __syscall_getreent
 .text.__syscall_lock_acquire
                0x00108584        0x4 C:/devkitPro/libctru/lib\libctru.a(syscalls.o)
                0x00108584                __syscall_lock_acquire
 .text.__syscall_lock_release
                0x00108588        0x4 C:/devkitPro/libctru/lib\libctru.a(syscalls.o)
                0x00108588                __syscall_lock_release
 .text.__syscall_lock_acquire_recursive
                0x0010858c        0x4 C:/devkitPro/libctru/lib\libctru.a(syscalls.o)
                0x0010858c                __syscall_lock_acquire_recursive
 .text.__syscall_lock_release_recursive
                0x00108590        0x4 C:/devkitPro/libctru/lib\libctru.a(syscalls.o)
                0x00108590                __syscall_lock_release_recursive
 .text.__syscall_exit
                0x00108594        0x4 C:/devkitPro/libctru/lib\libctru.a(syscalls.o)
                0x00108594                __syscall_exit
 .text.initThreadVars
                0x00108598       0x54 C:/devkitPro/libctru/lib\libctru.a(syscalls.o)
                0x00108598                initThreadVars
 .text.__system_initSyscalls
                0x001085ec       0x80 C:/devkitPro/libctru/lib\libctru.a(syscalls.o)
                0x001085ec                __system_initSyscalls
 .text.svcControlMemory
                0x0010866c       0x20 C:/devkitPro/libctru/lib\libctru.a(svc.o)
                0x0010866c                svcControlMemory
 .text.svcQueryMemory
                0x0010868c       0x30 C:/devkitPro/libctru/lib\libctru.a(svc.o)
                0x0010868c                svcQueryMemory
 .text.svcExitProcess
                0x001086bc        0x8 C:/devkitPro/libctru/lib\libctru.a(svc.o)
                0x001086bc                svcExitProcess
 .text.svcCreateThread
                0x001086c4       0x20 C:/devkitPro/libctru/lib\libctru.a(svc.o)
                0x001086c4                svcCreateThread
 .text.svcExitThread
                0x001086e4        0x8 C:/devkitPro/libctru/lib\libctru.a(svc.o)
                0x001086e4                svcExitThread
 .text.svcSleepThread
                0x001086ec        0x8 C:/devkitPro/libctru/lib\libctru.a(svc.o)
                0x001086ec                svcSleepThread
 .text.svcReleaseMutex
                0x001086f4        0x8 C:/devkitPro/libctru/lib\libctru.a(svc.o)
                0x001086f4                svcReleaseMutex
 .text.svcCreateEvent
                0x001086fc       0x14 C:/devkitPro/libctru/lib\libctru.a(svc.o)
                0x001086fc                svcCreateEvent
 .text.svcSignalEvent
                0x00108710        0x8 C:/devkitPro/libctru/lib\libctru.a(svc.o)
                0x00108710                svcSignalEvent
 .text.svcClearEvent
                0x00108718        0x8 C:/devkitPro/libctru/lib\libctru.a(svc.o)
                0x00108718                svcClearEvent
 .text.svcCreateMemoryBlock
                0x00108720       0x18 C:/devkitPro/libctru/lib\libctru.a(svc.o)
                0x00108720                svcCreateMemoryBlock
 .text.svcMapMemoryBlock
                0x00108738        0x8 C:/devkitPro/libctru/lib\libctru.a(svc.o)
                0x00108738                svcMapMemoryBlock
 .text.svcUnmapMemoryBlock
                0x00108740        0x8 C:/devkitPro/libctru/lib\libctru.a(svc.o)
                0x00108740                svcUnmapMemoryBlock
 .text.svcCreateAddressArbiter
                0x00108748       0x14 C:/devkitPro/libctru/lib\libctru.a(svc.o)
                0x00108748                svcCreateAddressArbiter
 .text.svcArbitrateAddressNoTimeout
                0x0010875c        0x8 C:/devkitPro/libctru/lib\libctru.a(svc.o)
                0x0010875c                svcArbitrateAddressNoTimeout
 .text.svcCloseHandle
                0x00108764        0x8 C:/devkitPro/libctru/lib\libctru.a(svc.o)
                0x00108764                svcCloseHandle
 .text.svcWaitSynchronization
                0x0010876c        0x8 C:/devkitPro/libctru/lib\libctru.a(svc.o)
                0x0010876c                svcWaitSynchronization
 .text.svcWaitSynchronizationN
                0x00108774       0x28 C:/devkitPro/libctru/lib\libctru.a(svc.o)
                0x00108774                svcWaitSynchronizationN
 .text.svcDuplicateHandle
                0x0010879c       0x14 C:/devkitPro/libctru/lib\libctru.a(svc.o)
                0x0010879c                svcDuplicateHandle
 .text.svcConnectToPort
                0x001087b0       0x14 C:/devkitPro/libctru/lib\libctru.a(svc.o)
                0x001087b0                svcConnectToPort
 .text.svcSendSyncRequest
                0x001087c4        0x8 C:/devkitPro/libctru/lib\libctru.a(svc.o)
                0x001087c4                svcSendSyncRequest
 .text.svcGetResourceLimit
                0x001087cc       0x14 C:/devkitPro/libctru/lib\libctru.a(svc.o)
                0x001087cc                svcGetResourceLimit
 .text.svcGetResourceLimitLimitValues
                0x001087e0        0x8 C:/devkitPro/libctru/lib\libctru.a(svc.o)
                0x001087e0                svcGetResourceLimitLimitValues
 .text.svcGetResourceLimitCurrentValues
                0x001087e8        0x8 C:/devkitPro/libctru/lib\libctru.a(svc.o)
                0x001087e8                svcGetResourceLimitCurrentValues
 .text.svcBreak
                0x001087f0        0x8 C:/devkitPro/libctru/lib\libctru.a(svc.o)
                0x001087f0                svcBreak
 .text.initSystem
                0x001087f8       0x50 C:/devkitPro/libctru/lib\libctru.a(stack_adjust.o)
                0x001087f8                initSystem
 .text.__ctru_exit
                0x00108848       0x14 C:/devkitPro/libctru/lib\libctru.a(stack_adjust.o)
                0x00108848                __ctru_exit
 .text._ZL21addrMapNodeComparatorPK11rbtree_nodeS1_
                0x0010885c       0x24 C:/devkitPro/libctru/lib\libctru.a(linear.o)
 .text._ZL21addrMapNodeDestructorP11rbtree_node
                0x00108880        0x4 C:/devkitPro/libctru/lib\libctru.a(linear.o)
 .text.linearMemAlign
                0x00108884      0x12c C:/devkitPro/libctru/lib\libctru.a(linear.o)
                0x00108884                linearMemAlign
 .text.linearAlloc
                0x001089b0        0x8 C:/devkitPro/libctru/lib\libctru.a(linear.o)
                0x001089b0                linearAlloc
 .text.linearFree
                0x001089b8       0x5c C:/devkitPro/libctru/lib\libctru.a(linear.o)
                0x001089b8                linearFree
 .text._ZN7MemPool13CoalesceRightEP8MemBlock
                0x00108a14       0x88 C:/devkitPro/libctru/lib\libctru.a(mem_pool.o)
                0x00108a14                MemPool::CoalesceRight(MemBlock*)
 .text._ZN7MemPool8AllocateER8MemChunkmi
                0x00108a9c      0x178 C:/devkitPro/libctru/lib\libctru.a(mem_pool.o)
                0x00108a9c                MemPool::Allocate(MemChunk&, unsigned long, int)
 .text._ZN7MemPool10DeallocateERK8MemChunk
                0x00108c14      0x118 C:/devkitPro/libctru/lib\libctru.a(mem_pool.o)
                0x00108c14                MemPool::Deallocate(MemChunk const&)
 .text._ZN7MemPool12GetFreeSpaceEv
                0x00108d2c       0x30 C:/devkitPro/libctru/lib\libctru.a(mem_pool.o)
                0x00108d2c                MemPool::GetFreeSpace()
 .text._ZL21addrMapNodeComparatorPK11rbtree_nodeS1_
                0x00108d5c       0x24 C:/devkitPro/libctru/lib\libctru.a(vram.o)
 .text._ZL21addrMapNodeDestructorP11rbtree_node
                0x00108d80        0x4 C:/devkitPro/libctru/lib\libctru.a(vram.o)
 .text.vramMemAlignAt
                0x00108d84      0x248 C:/devkitPro/libctru/lib\libctru.a(vram.o)
                0x00108d84                vramMemAlignAt
 .text.vramAlloc
                0x00108fcc        0xc C:/devkitPro/libctru/lib\libctru.a(vram.o)
                0x00108fcc                vramAlloc
 .text.vramFree
                0x00108fd8       0x94 C:/devkitPro/libctru/lib\libctru.a(vram.o)
                0x00108fd8                vramFree
 .text.envGetHandle
                0x0010906c       0x8c C:/devkitPro/libctru/lib\libctru.a(env.o)
                0x0010906c                envGetHandle
 .text.envDestroyHandles
                0x001090f8       0x50 C:/devkitPro/libctru/lib\libctru.a(env.o)
                0x001090f8                envDestroyHandles
 .text.__ctru_speedup_config
                0x00109148       0x34 C:/devkitPro/libctru/lib\libctru.a(os.o)
                0x00109148                __ctru_speedup_config
 .text.srvInit  0x0010917c      0x164 C:/devkitPro/libctru/lib\libctru.a(srv.o)
                0x0010917c                srvInit
 .text.srvExit  0x001092e0       0x64 C:/devkitPro/libctru/lib\libctru.a(srv.o)
                0x001092e0                srvExit
 .text.srvEnableNotification
                0x00109344       0x60 C:/devkitPro/libctru/lib\libctru.a(srv.o)
                0x00109344                srvEnableNotification
 .text.srvGetServiceHandleDirect
                0x001093a4       0xa0 C:/devkitPro/libctru/lib\libctru.a(srv.o)
                0x001093a4                srvGetServiceHandleDirect
 .text.srvGetServiceHandle
                0x00109444       0x48 C:/devkitPro/libctru/lib\libctru.a(srv.o)
                0x00109444                srvGetServiceHandle
 .text.srvSubscribe
                0x0010948c       0x34 C:/devkitPro/libctru/lib\libctru.a(srv.o)
                0x0010948c                srvSubscribe
 .text.srvReceiveNotification
                0x001094c0       0x60 C:/devkitPro/libctru/lib\libctru.a(srv.o)
                0x001094c0                srvReceiveNotification
 .text.srvPublishToSubscriber
                0x00109520       0x38 C:/devkitPro/libctru/lib\libctru.a(srv.o)
                0x00109520                srvPublishToSubscriber
 .text.__sync_init
                0x00109558        0xc C:/devkitPro/libctru/lib\libctru.a(synchronization.o)
                0x00109558                __sync_init
 .text.__sync_fini
                0x00109564       0x18 C:/devkitPro/libctru/lib\libctru.a(synchronization.o)
                0x00109564                __sync_fini
 .text.syncArbitrateAddress
                0x0010957c       0x28 C:/devkitPro/libctru/lib\libctru.a(synchronization.o)
                0x0010957c                syncArbitrateAddress
 .text.LightLock_Lock
                0x001095a4       0xac C:/devkitPro/libctru/lib\libctru.a(synchronization.o)
                0x001095a4                LightLock_Lock
 .text.LightLock_Unlock
                0x00109650       0x40 C:/devkitPro/libctru/lib\libctru.a(synchronization.o)
                0x00109650                LightLock_Unlock
 .text.RecursiveLock_Lock
                0x00109690       0x54 C:/devkitPro/libctru/lib\libctru.a(synchronization.o)
                0x00109690                RecursiveLock_Lock
 .text.RecursiveLock_Unlock
                0x001096e4       0x54 C:/devkitPro/libctru/lib\libctru.a(synchronization.o)
                0x001096e4                RecursiveLock_Unlock
 .text.LightEvent_Init
                0x00109738       0x44 C:/devkitPro/libctru/lib\libctru.a(synchronization.o)
                0x00109738                LightEvent_Init
 .text.LightEvent_Clear
                0x0010977c       0xb8 C:/devkitPro/libctru/lib\libctru.a(synchronization.o)
                0x0010977c                LightEvent_Clear
 .text.LightEvent_Signal
                0x00109834       0xdc C:/devkitPro/libctru/lib\libctru.a(synchronization.o)
                0x00109834                LightEvent_Signal
 .text.LightEvent_TryWait
                0x00109910       0x50 C:/devkitPro/libctru/lib\libctru.a(synchronization.o)
                0x00109910                LightEvent_TryWait
 .text.LightEvent_Wait
                0x00109960       0xac C:/devkitPro/libctru/lib\libctru.a(synchronization.o)
                0x00109960                LightEvent_Wait
 .text.threadCreate
                0x00109a0c      0x1fc C:/devkitPro/libctru/lib\libctru.a(thread.o)
                0x00109a0c                threadCreate
 .text.threadFree
                0x00109c08       0x38 C:/devkitPro/libctru/lib\libctru.a(thread.o)
                0x00109c08                threadFree
 .text.threadJoin
                0x00109c40       0x24 C:/devkitPro/libctru/lib\libctru.a(thread.o)
                0x00109c40                threadJoin
 .text.threadGetCurrent
                0x00109c64       0x30 C:/devkitPro/libctru/lib\libctru.a(thread.o)
                0x00109c64                threadGetCurrent
 .text.threadExit
                0x00109c94       0x40 C:/devkitPro/libctru/lib\libctru.a(thread.o)
                0x00109c94                threadExit
 .text._thread_begin
                0x00109cd4       0x20 C:/devkitPro/libctru/lib\libctru.a(thread.o)
 .text.mappableFindAddressWithin
                0x00109cf4       0x90 C:/devkitPro/libctru/lib\libctru.a(mappable.o)
 .text.mappableInit
                0x00109d84       0x28 C:/devkitPro/libctru/lib\libctru.a(mappable.o)
                0x00109d84                mappableInit
 .text.mappableAlloc
                0x00109dac       0x7c C:/devkitPro/libctru/lib\libctru.a(mappable.o)
                0x00109dac                mappableAlloc
 .text.mappableFree
                0x00109e28        0x4 C:/devkitPro/libctru/lib\libctru.a(mappable.o)
                0x00109e28                mappableFree
 .text.ptmSysmInit
                0x00109e2c       0x78 C:/devkitPro/libctru/lib\libctru.a(ptmsysm.o)
                0x00109e2c                ptmSysmInit
 .text.ptmSysmExit
                0x00109ea4       0x3c C:/devkitPro/libctru/lib\libctru.a(ptmsysm.o)
                0x00109ea4                ptmSysmExit
 .text.PTMSYSM_ConfigureNew3DSCPU
                0x00109ee0       0x34 C:/devkitPro/libctru/lib\libctru.a(ptmsysm.o)
                0x00109ee0                PTMSYSM_ConfigureNew3DSCPU
 .text.srvPmGetSessionHandle
                0x00109f14        0xc C:/devkitPro/libctru/lib\libctru.a(srvpm.o)
                0x00109f14                srvPmGetSessionHandle
 .text.rbtree_find
                0x00109f20       0x74 C:/devkitPro/libctru/lib\libctru.a(rbtree_find.o)
                0x00109f20                rbtree_find
 .text.rbtree_init
                0x00109f94       0x10 C:/devkitPro/libctru/lib\libctru.a(rbtree_init.o)
                0x00109f94                rbtree_init
 .text.do_insert
                0x00109fa4      0x198 C:/devkitPro/libctru/lib\libctru.a(rbtree_insert.o)
 .text.rbtree_insert
                0x0010a13c        0x8 C:/devkitPro/libctru/lib\libctru.a(rbtree_insert.o)
                0x0010a13c                rbtree_insert
 .text.rbtree_remove
                0x0010a144      0x310 C:/devkitPro/libctru/lib\libctru.a(rbtree_remove.o)
                0x0010a144                rbtree_remove
 .text.rbtree_rotate
                0x0010a454       0x90 C:/devkitPro/libctru/lib\libctru.a(rbtree_rotate.o)
                0x0010a454                rbtree_rotate
 .text.decode_utf16
                0x0010a4e4       0x54 C:/devkitPro/libctru/lib\libctru.a(decode_utf16.o)
                0x0010a4e4                decode_utf16
 .text.decode_utf8
                0x0010a538      0x140 C:/devkitPro/libctru/lib\libctru.a(decode_utf8.o)
                0x0010a538                decode_utf8
 .text.encode_utf16
                0x0010a678       0x54 C:/devkitPro/libctru/lib\libctru.a(encode_utf16.o)
                0x0010a678                encode_utf16
 .text.encode_utf8
                0x0010a6cc       0xe0 C:/devkitPro/libctru/lib\libctru.a(encode_utf8.o)
                0x0010a6cc                encode_utf8
 *fill*         0x0010a7ac        0x4 
 .text.__system_allocateHeaps
                0x0010a7b0      0x1e8 C:/devkitPro/libctru/lib\libctru.a(allocateHeaps.o)
                0x0010a7b0                __system_allocateHeaps
 .text.__appExit
                0x0010a998       0x30 C:/devkitPro/libctru/lib\libctru.a(appExit.o)
                0x0010a998                __appExit
 .text.__appInit
                0x0010a9c8       0x30 C:/devkitPro/libctru/lib\libctru.a(appInit.o)
                0x0010a9c8                __appInit
 .text.__libctru_exit
                0x0010a9f8       0x90 C:/devkitPro/libctru/lib\libctru.a(ctru_exit.o)
                0x0010a9f8                __libctru_exit
 .text.archive_link
                0x0010aa88       0x14 C:/devkitPro/libctru/lib\libctru.a(archive_dev.o)
 .text.archive_dirreset
                0x0010aa9c       0x14 C:/devkitPro/libctru/lib\libctru.a(archive_dev.o)
 .text.archive_chmod
                0x0010aab0       0x14 C:/devkitPro/libctru/lib\libctru.a(archive_dev.o)
 .text.error_cmp
                0x0010aac4       0x24 C:/devkitPro/libctru/lib\libctru.a(archive_dev.o)
 .text.archive_translate_error
                0x0010aae8       0x50 C:/devkitPro/libctru/lib\libctru.a(archive_dev.o)
 .text.archive_seek
                0x0010ab38       0xc0 C:/devkitPro/libctru/lib\libctru.a(archive_dev.o)
 .text._archiveInit.part.0
                0x0010abf8       0x78 C:/devkitPro/libctru/lib\libctru.a(archive_dev.o)
 .text.archiveFindDevice.part.0
                0x0010ac70       0xd4 C:/devkitPro/libctru/lib\libctru.a(archive_dev.o)
 .text.archive_utf16path
                0x0010ad44      0x298 C:/devkitPro/libctru/lib\libctru.a(archive_dev.o)
 .text._archiveUnmountDeviceStruct.part.0
                0x0010afdc       0x98 C:/devkitPro/libctru/lib\libctru.a(archive_dev.o)
 .text.archive_statvfs
                0x0010b074       0x14 C:/devkitPro/libctru/lib\libctru.a(archive_dev.o)
 .text.archive_fchmod
                0x0010b088       0x14 C:/devkitPro/libctru/lib\libctru.a(archive_dev.o)
 .text._archiveMountDevice
                0x0010b09c      0x178 C:/devkitPro/libctru/lib\libctru.a(archive_dev.o)
 .text.archive_diropen
                0x0010b214       0xf8 C:/devkitPro/libctru/lib\libctru.a(archive_dev.o)
 .text.archive_fstat
                0x0010b30c       0xac C:/devkitPro/libctru/lib\libctru.a(archive_dev.o)
 .text.archive_fsync
                0x0010b3b8       0x74 C:/devkitPro/libctru/lib\libctru.a(archive_dev.o)
 .text.archive_close
                0x0010b42c       0x74 C:/devkitPro/libctru/lib\libctru.a(archive_dev.o)
 .text.archive_dirclose
                0x0010b4a0       0x78 C:/devkitPro/libctru/lib\libctru.a(archive_dev.o)
 .text.sdmc_statvfs
                0x0010b518       0xec C:/devkitPro/libctru/lib\libctru.a(archive_dev.o)
 .text.archive_chdir
                0x0010b604       0xf8 C:/devkitPro/libctru/lib\libctru.a(archive_dev.o)
 .text.archive_ftruncate
                0x0010b6fc       0x8c C:/devkitPro/libctru/lib\libctru.a(archive_dev.o)
 .text.archive_read
                0x0010b788       0xbc C:/devkitPro/libctru/lib\libctru.a(archive_dev.o)
 .text.archive_unlink
                0x0010b844       0xa8 C:/devkitPro/libctru/lib\libctru.a(archive_dev.o)
 .text.archive_rmdir
                0x0010b8ec       0xc0 C:/devkitPro/libctru/lib\libctru.a(archive_dev.o)
 .text.archive_mkdir
                0x0010b9ac       0xd8 C:/devkitPro/libctru/lib\libctru.a(archive_dev.o)
 .text.archive_stat
                0x0010ba84      0x1a0 C:/devkitPro/libctru/lib\libctru.a(archive_dev.o)
 .text.archive_dirnext
                0x0010bc24      0x164 C:/devkitPro/libctru/lib\libctru.a(archive_dev.o)
 .text.archive_write
                0x0010bd88      0x13c C:/devkitPro/libctru/lib\libctru.a(archive_dev.o)
 *fill*         0x0010bec4        0x4 
 .text.archive_open
                0x0010bec8      0x254 C:/devkitPro/libctru/lib\libctru.a(archive_dev.o)
 .text.archive_rename
                0x0010c11c      0x270 C:/devkitPro/libctru/lib\libctru.a(archive_dev.o)
 .text.archiveMountSdmc
                0x0010c38c      0x1c8 C:/devkitPro/libctru/lib\libctru.a(archive_dev.o)
                0x0010c38c                archiveMountSdmc
 .text.archiveUnmountAll
                0x0010c554       0x54 C:/devkitPro/libctru/lib\libctru.a(archive_dev.o)
                0x0010c554                archiveUnmountAll
 .text.rbtree_node_next
                0x0010c5a8       0x60 C:/devkitPro/libctru/lib\libctru.a(rbtree_iterator.o)
                0x0010c5a8                rbtree_node_next
 .text.__aeabi_read_tp
                0x0010c608        0xc C:/devkitPro/libctru/lib\libctru.a(readtp.o)
                0x0010c608                __aeabi_read_tp
 .text._ZdlPv   0x0010c614        0x4 C:/devkitPro/devkitARM/bin/../lib/gcc/arm-none-eabi/15.1.0/../../../../arm-none-eabi/lib/armv6k/fpu\libstdc++.a(del_op.o)
                0x0010c614                operator delete(void*)
 .text._Znwj    0x0010c618       0x5c C:/devkitPro/devkitARM/bin/../lib/gcc/arm-none-eabi/15.1.0/../../../../arm-none-eabi/lib/armv6k/fpu\libstdc++.a(new_op.o)
                0x0010c618                operator new(unsigned int)
 .text.unlikely._ZSt19__throw_logic_errorPKc
                0x0010c674       0x40 C:/devkitPro/devkitARM/bin/../lib/gcc/arm-none-eabi/15.1.0/../../../../arm-none-eabi/lib/armv6k/fpu\libstdc++.a(functexcept.o)
                0x0010c674                std::__throw_logic_error(char const*)
 .text.unlikely._ZSt20__throw_length_errorPKc
                0x0010c6b4       0x40 C:/devkitPro/devkitARM/bin/../lib/gcc/arm-none-eabi/15.1.0/../../../../arm-none-eabi/lib/armv6k/fpu\libstdc++.a(functexcept.o)
                0x0010c6b4                std::__throw_length_error(char const*)
 .text._ZNSt7__cxx1112basic_stringIcSt11char_traitsIcESaIcEE9_M_createERjj
                0x0010c6f4       0x54 C:/devkitPro/devkitARM/bin/../lib/gcc/arm-none-eabi/15.1.0/../../../../arm-none-eabi/lib/armv6k/fpu\libstdc++.a(string-inst.o)
                0x0010c6f4                std::__cxx11::basic_string<char, std::char_traits<char>, std::allocator<char> >::_M_create(unsigned int&, unsigned int)
 .text._ZNSt7__cxx1112basic_stringIcSt11char_traitsIcESaIcEE10_M_disposeEv
                0x0010c748       0x14 C:/devkitPro/devkitARM/bin/../lib/gcc/arm-none-eabi/15.1.0/../../../../arm-none-eabi/lib/armv6k/fpu\libstdc++.a(string-inst.o)
                0x0010c748                std::__cxx11::basic_string<char, std::char_traits<char>, std::allocator<char> >::_M_dispose()
 .text._ZNSt7__cxx1112basic_stringIcSt11char_traitsIcESaIcEE9_M_mutateEjjPKcj
                0x0010c75c      0x104 C:/devkitPro/devkitARM/bin/../lib/gcc/arm-none-eabi/15.1.0/../../../../arm-none-eabi/lib/armv6k/fpu\libstdc++.a(string-inst.o)
                0x0010c75c                std::__cxx11::basic_string<char, std::char_traits<char>, std::allocator<char> >::_M_mutate(unsigned int, unsigned int, char const*, unsigned int)
 .text._ZNSt7__cxx1112basic_stringIcSt11char_traitsIcESaIcEE7reserveEj
                0x0010c860       0x98 C:/devkitPro/devkitARM/bin/../lib/gcc/arm-none-eabi/15.1.0/../../../../arm-none-eabi/lib/armv6k/fpu\libstdc++.a(string-inst.o)
                0x0010c860                std::__cxx11::basic_string<char, std::char_traits<char>, std::allocator<char> >::reserve(unsigned int)
 .text._ZNSt7__cxx1112basic_stringIcSt11char_traitsIcESaIcEE9_M_appendEPKcj
                0x0010c8f8       0x90 C:/devkitPro/devkitARM/bin/../lib/gcc/arm-none-eabi/15.1.0/../../../../arm-none-eabi/lib/armv6k/fpu\libstdc++.a(string-inst.o)
                0x0010c8f8                std::__cxx11::basic_string<char, std::char_traits<char>, std::allocator<char> >::_M_append(char const*, unsigned int)
 .text._ZNKSt9bad_alloc4whatEv
                0x0010c988        0xc C:/devkitPro/devkitARM/bin/../lib/gcc/arm-none-eabi/15.1.0/../../../../arm-none-eabi/lib/armv6k/fpu\libstdc++.a(bad_alloc.o)
                0x0010c988                std::bad_alloc::what() const
 .text._ZNSt9bad_allocD2Ev
                0x0010c994       0x20 C:/devkitPro/devkitARM/bin/../lib/gcc/arm-none-eabi/15.1.0/../../../../arm-none-eabi/lib/armv6k/fpu\libstdc++.a(bad_alloc.o)
                0x0010c994                std::bad_alloc::~bad_alloc()
                0x0010c994                std::bad_alloc::~bad_alloc()
 .text._ZNSt9bad_allocD0Ev
                0x0010c9b4       0x2c C:/devkitPro/devkitARM/bin/../lib/gcc/arm-none-eabi/15.1.0/../../../../arm-none-eabi/lib/armv6k/fpu\libstdc++.a(bad_alloc.o)
                0x0010c9b4                std::bad_alloc::~bad_alloc()
 .text._ZdlPvj  0x0010c9e0        0x4 C:/devkitPro/devkitARM/bin/../lib/gcc/arm-none-eabi/15.1.0/../../../../arm-none-eabi/lib/armv6k/fpu\libstdc++.a(del_ops.o)
                0x0010c9e0                operator delete(void*, unsigned int)
 .text._ZNK9__gnu_cxx24__concurrence_lock_error4whatEv
                0x0010c9e4        0xc C:/devkitPro/devkitARM/bin/../lib/gcc/arm-none-eabi/15.1.0/../../../../arm-none-eabi/lib/armv6k/fpu\libstdc++.a(eh_alloc.o)
                0x0010c9e4                __gnu_cxx::__concurrence_lock_error::what() const
 .text._ZNK9__gnu_cxx26__concurrence_unlock_error4whatEv
                0x0010c9f0        0xc C:/devkitPro/devkitARM/bin/../lib/gcc/arm-none-eabi/15.1.0/../../../../arm-none-eabi/lib/armv6k/fpu\libstdc++.a(eh_alloc.o)
                0x0010c9f0                __gnu_cxx::__concurrence_unlock_error::what() const
 .text._ZN9__gnu_cxx24__concurrence_lock_errorD2Ev
                0x0010c9fc       0x20 C:/devkitPro/devkitARM/bin/../lib/gcc/arm-none-eabi/15.1.0/../../../../arm-none-eabi/lib/armv6k/fpu\libstdc++.a(eh_alloc.o)
                0x0010c9fc                __gnu_cxx::__concurrence_lock_error::~__concurrence_lock_error()
                0x0010c9fc                __gnu_cxx::__concurrence_lock_error::~__concurrence_lock_error()
 .text._ZN9__gnu_cxx24__concurrence_lock_errorD0Ev
                0x0010ca1c       0x2c C:/devkitPro/devkitARM/bin/../lib/gcc/arm-none-eabi/15.1.0/../../../../arm-none-eabi/lib/armv6k/fpu\libstdc++.a(eh_alloc.o)
                0x0010ca1c                __gnu_cxx::__concurrence_lock_error::~__concurrence_lock_error()
 .text._ZN9__gnu_cxx26__concurrence_unlock_errorD2Ev
                0x0010ca48       0x20 C:/devkitPro/devkitARM/bin/../lib/gcc/arm-none-eabi/15.1.0/../../../../arm-none-eabi/lib/armv6k/fpu\libstdc++.a(eh_alloc.o)
                0x0010ca48                __gnu_cxx::__concurrence_unlock_error::~__concurrence_unlock_error()
                0x0010ca48                __gnu_cxx::__concurrence_unlock_error::~__concurrence_unlock_error()
 .text._ZN9__gnu_cxx26__concurrence_unlock_errorD0Ev
                0x0010ca68       0x2c C:/devkitPro/devkitARM/bin/../lib/gcc/arm-none-eabi/15.1.0/../../../../arm-none-eabi/lib/armv6k/fpu\libstdc++.a(eh_alloc.o)
                0x0010ca68                __gnu_cxx::__concurrence_unlock_error::~__concurrence_unlock_error()
 .text.unlikely._ZN9__gnu_cxx30__throw_concurrence_lock_errorEv
                0x0010ca94       0x2c C:/devkitPro/devkitARM/bin/../lib/gcc/arm-none-eabi/15.1.0/../../../../arm-none-eabi/lib/armv6k/fpu\libstdc++.a(eh_alloc.o)
                0x0010ca94                __gnu_cxx::__throw_concurrence_lock_error()
 .text.unlikely._ZN9__gnu_cxx32__throw_concurrence_unlock_errorEv
                0x0010cac0       0x2c C:/devkitPro/devkitARM/bin/../lib/gcc/arm-none-eabi/15.1.0/../../../../arm-none-eabi/lib/armv6k/fpu\libstdc++.a(eh_alloc.o)
                0x0010cac0                __gnu_cxx::__throw_concurrence_unlock_error()
 .text._ZN12_GLOBAL__N_14pool4freeEPv.constprop.0
                0x0010caec      0x12c C:/devkitPro/devkitARM/bin/../lib/gcc/arm-none-eabi/15.1.0/../../../../arm-none-eabi/lib/armv6k/fpu\libstdc++.a(eh_alloc.o)
 .text._ZN12_GLOBAL__N_14pool8allocateEj.constprop.0
                0x0010cc18       0xf0 C:/devkitPro/devkitARM/bin/../lib/gcc/arm-none-eabi/15.1.0/../../../../arm-none-eabi/lib/armv6k/fpu\libstdc++.a(eh_alloc.o)
 .text.__cxa_allocate_exception
                0x0010cd08       0x44 C:/devkitPro/devkitARM/bin/../lib/gcc/arm-none-eabi/15.1.0/../../../../arm-none-eabi/lib/armv6k/fpu\libstdc++.a(eh_alloc.o)
                0x0010cd08                __cxa_allocate_exception
 .text.__cxa_free_exception
                0x0010cd4c       0x28 C:/devkitPro/devkitARM/bin/../lib/gcc/arm-none-eabi/15.1.0/../../../../arm-none-eabi/lib/armv6k/fpu\libstdc++.a(eh_alloc.o)
                0x0010cd4c                __cxa_free_exception
 .text.startup._GLOBAL__sub_I__ZN9__gnu_cxx9__freeresEv
                0x0010cd74      0x1a4 C:/devkitPro/devkitARM/bin/../lib/gcc/arm-none-eabi/15.1.0/../../../../arm-none-eabi/lib/armv6k/fpu\libstdc++.a(eh_alloc.o)
 .text.__cxa_end_cleanup
                0x0010cf18       0x10 C:/devkitPro/devkitARM/bin/../lib/gcc/arm-none-eabi/15.1.0/../../../../arm-none-eabi/lib/armv6k/fpu\libstdc++.a(eh_arm.o)
                0x0010cf18                __cxa_end_cleanup
 .text.__cxa_type_match
                0x0010cf28      0x138 C:/devkitPro/devkitARM/bin/../lib/gcc/arm-none-eabi/15.1.0/../../../../arm-none-eabi/lib/armv6k/fpu\libstdc++.a(eh_arm.o)
                0x0010cf28                __cxa_type_match
 .text.__cxa_begin_cleanup
                0x0010d060       0xb4 C:/devkitPro/devkitARM/bin/../lib/gcc/arm-none-eabi/15.1.0/../../../../arm-none-eabi/lib/armv6k/fpu\libstdc++.a(eh_arm.o)
                0x0010d060                __cxa_begin_cleanup
 .text.__gnu_end_cleanup
                0x0010d114       0xb4 C:/devkitPro/devkitARM/bin/../lib/gcc/arm-none-eabi/15.1.0/../../../../arm-none-eabi/lib/armv6k/fpu\libstdc++.a(eh_arm.o)
                0x0010d114                __gnu_end_cleanup
 .text.__cxa_begin_catch
                0x0010d1c8       0xe0 C:/devkitPro/devkitARM/bin/../lib/gcc/arm-none-eabi/15.1.0/../../../../arm-none-eabi/lib/armv6k/fpu\libstdc++.a(eh_catch.o)
                0x0010d1c8                __cxa_begin_catch
 .text.__cxa_end_catch
                0x0010d2a8       0xe0 C:/devkitPro/devkitARM/bin/../lib/gcc/arm-none-eabi/15.1.0/../../../../arm-none-eabi/lib/armv6k/fpu\libstdc++.a(eh_catch.o)
                0x0010d2a8                __cxa_end_catch
 .text._ZNSt9exceptionD2Ev
                0x0010d388        0x4 C:/devkitPro/devkitARM/bin/../lib/gcc/arm-none-eabi/15.1.0/../../../../arm-none-eabi/lib/armv6k/fpu\libstdc++.a(eh_exception.o)
                0x0010d388                std::exception::~exception()
                0x0010d388                std::exception::~exception()
 .text._ZNSt13bad_exceptionD2Ev
                0x0010d38c        0x4 C:/devkitPro/devkitARM/bin/../lib/gcc/arm-none-eabi/15.1.0/../../../../arm-none-eabi/lib/armv6k/fpu\libstdc++.a(eh_exception.o)
                0x0010d38c                std::bad_exception::~bad_exception()
                0x0010d38c                std::bad_exception::~bad_exception()
 .text._ZNKSt13bad_exception4whatEv
                0x0010d390        0xc C:/devkitPro/devkitARM/bin/../lib/gcc/arm-none-eabi/15.1.0/../../../../arm-none-eabi/lib/armv6k/fpu\libstdc++.a(eh_exception.o)
                0x0010d390                std::bad_exception::what() const
                0x0010d390                transaction clone for std::bad_exception::what() const
 .text._ZNSt13bad_exceptionD0Ev
                0x0010d39c       0x20 C:/devkitPro/devkitARM/bin/../lib/gcc/arm-none-eabi/15.1.0/../../../../arm-none-eabi/lib/armv6k/fpu\libstdc++.a(eh_exception.o)
                0x0010d39c                std::bad_exception::~bad_exception()
 .text._ZL15eh_globals_dtorPv
                0x0010d3bc       0x38 C:/devkitPro/devkitARM/bin/../lib/gcc/arm-none-eabi/15.1.0/../../../../arm-none-eabi/lib/armv6k/fpu\libstdc++.a(eh_globals.o)
 .text.__cxa_get_globals_fast
                0x0010d3f4       0x38 C:/devkitPro/devkitARM/bin/../lib/gcc/arm-none-eabi/15.1.0/../../../../arm-none-eabi/lib/armv6k/fpu\libstdc++.a(eh_globals.o)
                0x0010d3f4                __cxa_get_globals_fast
 .text.__cxa_get_globals
                0x0010d42c       0x90 C:/devkitPro/devkitARM/bin/../lib/gcc/arm-none-eabi/15.1.0/../../../../arm-none-eabi/lib/armv6k/fpu\libstdc++.a(eh_globals.o)
                0x0010d42c                __cxa_get_globals
 .text.startup._GLOBAL__sub_I__ZN17__eh_globals_init7_S_initE
                0x0010d4bc       0x40 C:/devkitPro/devkitARM/bin/../lib/gcc/arm-none-eabi/15.1.0/../../../../arm-none-eabi/lib/armv6k/fpu\libstdc++.a(eh_globals.o)
 .text.exit._GLOBAL__sub_D__ZN17__eh_globals_init7_S_initE
                0x0010d4fc       0x34 C:/devkitPro/devkitARM/bin/../lib/gcc/arm-none-eabi/15.1.0/../../../../arm-none-eabi/lib/armv6k/fpu\libstdc++.a(eh_globals.o)
 .text._ZL28read_encoded_value_with_basehjPKhPj
                0x0010d530      0x150 C:/devkitPro/devkitARM/bin/../lib/gcc/arm-none-eabi/15.1.0/../../../../arm-none-eabi/lib/armv6k/fpu\libstdc++.a(eh_personality.o)
 .text._ZL21base_of_encoded_valuehP15_Unwind_Context
                0x0010d680       0x5c C:/devkitPro/devkitARM/bin/../lib/gcc/arm-none-eabi/15.1.0/../../../../arm-none-eabi/lib/armv6k/fpu\libstdc++.a(eh_personality.o)
 .text._ZL17parse_lsda_headerP15_Unwind_ContextPKhP16lsda_header_info
                0x0010d6dc       0xf0 C:/devkitPro/devkitARM/bin/../lib/gcc/arm-none-eabi/15.1.0/../../../../arm-none-eabi/lib/armv6k/fpu\libstdc++.a(eh_personality.o)
 .text.__gxx_personality_v0
                0x0010d7cc      0x6c8 C:/devkitPro/devkitARM/bin/../lib/gcc/arm-none-eabi/15.1.0/../../../../arm-none-eabi/lib/armv6k/fpu\libstdc++.a(eh_personality.o)
                0x0010d7cc                __gxx_personality_v0
 .text._ZN10__cxxabiv111__terminateEPFvvE
                0x0010de94       0x14 C:/devkitPro/devkitARM/bin/../lib/gcc/arm-none-eabi/15.1.0/../../../../arm-none-eabi/lib/armv6k/fpu\libstdc++.a(eh_terminate.o)
                0x0010de94                __cxxabiv1::__terminate(void (*)())
 .text.unlikely._ZSt9terminatev
                0x0010dea8       0x18 C:/devkitPro/devkitARM/bin/../lib/gcc/arm-none-eabi/15.1.0/../../../../arm-none-eabi/lib/armv6k/fpu\libstdc++.a(eh_terminate.o)
                0x0010dea8                std::terminate()
 .text._ZN10__cxxabiv112__unexpectedEPFvvE
                0x0010dec0        0xc C:/devkitPro/devkitARM/bin/../lib/gcc/arm-none-eabi/15.1.0/../../../../arm-none-eabi/lib/armv6k/fpu\libstdc++.a(eh_terminate.o)
                0x0010dec0                __cxxabiv1::__unexpected(void (*)())
 .text.unlikely._ZSt10unexpectedv
                0x0010decc       0x18 C:/devkitPro/devkitARM/bin/../lib/gcc/arm-none-eabi/15.1.0/../../../../arm-none-eabi/lib/armv6k/fpu\libstdc++.a(eh_terminate.o)
                0x0010decc                std::unexpected()
 .text._ZSt13get_terminatev
                0x0010dee4       0x14 C:/devkitPro/devkitARM/bin/../lib/gcc/arm-none-eabi/15.1.0/../../../../arm-none-eabi/lib/armv6k/fpu\libstdc++.a(eh_terminate.o)
                0x0010dee4                std::get_terminate()
 .text._ZSt14get_unexpectedv
                0x0010def8       0x14 C:/devkitPro/devkitARM/bin/../lib/gcc/arm-none-eabi/15.1.0/../../../../arm-none-eabi/lib/armv6k/fpu\libstdc++.a(eh_terminate.o)
                0x0010def8                std::get_unexpected()
 .text._ZL23__gxx_exception_cleanup19_Unwind_Reason_CodeP21_Unwind_Control_Block
                0x0010df0c       0x70 C:/devkitPro/devkitARM/bin/../lib/gcc/arm-none-eabi/15.1.0/../../../../arm-none-eabi/lib/armv6k/fpu\libstdc++.a(eh_throw.o)
 .text.__cxa_init_primary_exception
                0x0010df7c       0x54 C:/devkitPro/devkitARM/bin/../lib/gcc/arm-none-eabi/15.1.0/../../../../arm-none-eabi/lib/armv6k/fpu\libstdc++.a(eh_throw.o)
                0x0010df7c                __cxa_init_primary_exception
 .text.__cxa_throw
                0x0010dfd0       0x54 C:/devkitPro/devkitARM/bin/../lib/gcc/arm-none-eabi/15.1.0/../../../../arm-none-eabi/lib/armv6k/fpu\libstdc++.a(eh_throw.o)
                0x0010dfd0                __cxa_throw
 .text.__cxa_rethrow
                0x0010e024       0xb0 C:/devkitPro/devkitARM/bin/../lib/gcc/arm-none-eabi/15.1.0/../../../../arm-none-eabi/lib/armv6k/fpu\libstdc++.a(eh_throw.o)
                0x0010e024                __cxa_rethrow
 .text._ZSt15get_new_handlerv
                0x0010e0d4       0x14 C:/devkitPro/devkitARM/bin/../lib/gcc/arm-none-eabi/15.1.0/../../../../arm-none-eabi/lib/armv6k/fpu\libstdc++.a(new_handler.o)
                0x0010e0d4                std::get_new_handler()
 .text._ZN10__cxxabiv120__si_class_type_infoD2Ev
                0x0010e0e8       0x20 C:/devkitPro/devkitARM/bin/../lib/gcc/arm-none-eabi/15.1.0/../../../../arm-none-eabi/lib/armv6k/fpu\libstdc++.a(si_class_type_info.o)
                0x0010e0e8                __cxxabiv1::__si_class_type_info::~__si_class_type_info()
                0x0010e0e8                __cxxabiv1::__si_class_type_info::~__si_class_type_info()
 .text._ZN10__cxxabiv120__si_class_type_infoD0Ev
                0x0010e108       0x2c C:/devkitPro/devkitARM/bin/../lib/gcc/arm-none-eabi/15.1.0/../../../../arm-none-eabi/lib/armv6k/fpu\libstdc++.a(si_class_type_info.o)
                0x0010e108                __cxxabiv1::__si_class_type_info::~__si_class_type_info()
 .text._ZNK10__cxxabiv120__si_class_type_info12__do_dyncastEiNS_17__class_type_info10__sub_kindEPKS1_PKvS4_S6_RNS1_16__dyncast_resultE
                0x0010e134      0x140 C:/devkitPro/devkitARM/bin/../lib/gcc/arm-none-eabi/15.1.0/../../../../arm-none-eabi/lib/armv6k/fpu\libstdc++.a(si_class_type_info.o)
                0x0010e134                __cxxabiv1::__si_class_type_info::__do_dyncast(int, __cxxabiv1::__class_type_info::__sub_kind, __cxxabiv1::__class_type_info const*, void const*, __cxxabiv1::__class_type_info const*, void const*, __cxxabiv1::__class_type_info::__dyncast_result&) const
 .text._ZNK10__cxxabiv120__si_class_type_info20__do_find_public_srcEiPKvPKNS_17__class_type_infoES2_
                0x0010e274       0x88 C:/devkitPro/devkitARM/bin/../lib/gcc/arm-none-eabi/15.1.0/../../../../arm-none-eabi/lib/armv6k/fpu\libstdc++.a(si_class_type_info.o)
                0x0010e274                __cxxabiv1::__si_class_type_info::__do_find_public_src(int, void const*, __cxxabiv1::__class_type_info const*, void const*) const
 .text._ZNK10__cxxabiv120__si_class_type_info11__do_upcastEPKNS_17__class_type_infoEPKvRNS1_15__upcast_resultE
                0x0010e2fc       0x44 C:/devkitPro/devkitARM/bin/../lib/gcc/arm-none-eabi/15.1.0/../../../../arm-none-eabi/lib/armv6k/fpu\libstdc++.a(si_class_type_info.o)
                0x0010e2fc                __cxxabiv1::__si_class_type_info::__do_upcast(__cxxabiv1::__class_type_info const*, void const*, __cxxabiv1::__class_type_info::__upcast_result&) const
 .text._ZNSt9type_infoD2Ev
                0x0010e340        0x4 C:/devkitPro/devkitARM/bin/../lib/gcc/arm-none-eabi/15.1.0/../../../../arm-none-eabi/lib/armv6k/fpu\libstdc++.a(tinfo.o)
                0x0010e340                std::type_info::~type_info()
                0x0010e340                std::type_info::~type_info()
 .text._ZNKSt9type_info14__is_pointer_pEv
                0x0010e344        0x8 C:/devkitPro/devkitARM/bin/../lib/gcc/arm-none-eabi/15.1.0/../../../../arm-none-eabi/lib/armv6k/fpu\libstdc++.a(tinfo.o)
                0x0010e344                std::type_info::__is_pointer_p() const
                0x0010e344                std::type_info::__is_function_p() const
 .text._ZNKSt11logic_error4whatEv
                0x0010e34c        0x8 C:/devkitPro/devkitARM/bin/../lib/gcc/arm-none-eabi/15.1.0/../../../../arm-none-eabi/lib/armv6k/fpu\libstdc++.a(stdexcept.o)
                0x0010e34c                std::logic_error::what() const
                0x0010e34c                std::runtime_error::what() const
 .text._ZNSt11logic_errorD2Ev
                0x0010e354       0x98 C:/devkitPro/devkitARM/bin/../lib/gcc/arm-none-eabi/15.1.0/../../../../arm-none-eabi/lib/armv6k/fpu\libstdc++.a(stdexcept.o)
                0x0010e354                std::logic_error::~logic_error()
                0x0010e354                std::logic_error::~logic_error()
 .text._ZNSt12length_errorD2Ev
                0x0010e3ec       0x98 C:/devkitPro/devkitARM/bin/../lib/gcc/arm-none-eabi/15.1.0/../../../../arm-none-eabi/lib/armv6k/fpu\libstdc++.a(stdexcept.o)
                0x0010e3ec                std::length_error::~length_error()
                0x0010e3ec                std::length_error::~length_error()
 .text._ZNSt11logic_errorD0Ev
                0x0010e484       0xa0 C:/devkitPro/devkitARM/bin/../lib/gcc/arm-none-eabi/15.1.0/../../../../arm-none-eabi/lib/armv6k/fpu\libstdc++.a(stdexcept.o)
                0x0010e484                std::logic_error::~logic_error()
 .text._ZNSt12length_errorD0Ev
                0x0010e524       0xa0 C:/devkitPro/devkitARM/bin/../lib/gcc/arm-none-eabi/15.1.0/../../../../arm-none-eabi/lib/armv6k/fpu\libstdc++.a(stdexcept.o)
                0x0010e524                std::length_error::~length_error()
 .text._ZNSt11logic_errorC2EPKc
                0x0010e5c4       0xd8 C:/devkitPro/devkitARM/bin/../lib/gcc/arm-none-eabi/15.1.0/../../../../arm-none-eabi/lib/armv6k/fpu\libstdc++.a(cow-stdexcept.o)
                0x0010e5c4                std::logic_error::logic_error(char const*)
                0x0010e5c4                std::logic_error::logic_error(char const*)
 .text._ZNSt12length_errorC2EPKc
                0x0010e69c       0x20 C:/devkitPro/devkitARM/bin/../lib/gcc/arm-none-eabi/15.1.0/../../../../arm-none-eabi/lib/armv6k/fpu\libstdc++.a(cow-stdexcept.o)
                0x0010e69c                std::length_error::length_error(char const*)
                0x0010e69c                std::length_error::length_error(char const*)
 .text._ZNSs4_Rep9_S_createEjjRKSaIcE
                0x0010e6bc       0x88 C:/devkitPro/devkitARM/bin/../lib/gcc/arm-none-eabi/15.1.0/../../../../arm-none-eabi/lib/armv6k/fpu\libstdc++.a(cow-string-inst.o)
                0x0010e6bc                std::string::_Rep::_S_create(unsigned int, unsigned int, std::allocator<char> const&)
 .text._ZNSs4_Rep10_M_destroyERKSaIcE
                0x0010e744        0x4 C:/devkitPro/devkitARM/bin/../lib/gcc/arm-none-eabi/15.1.0/../../../../arm-none-eabi/lib/armv6k/fpu\libstdc++.a(cow-string-inst.o)
                0x0010e744                std::string::_Rep::_M_destroy(std::allocator<char> const&)
 .text._ZNK10__cxxabiv117__class_type_info11__do_upcastEPKS0_PPv
                0x0010e748       0x5c C:/devkitPro/devkitARM/bin/../lib/gcc/arm-none-eabi/15.1.0/../../../../arm-none-eabi/lib/armv6k/fpu\libstdc++.a(class_type_info.o)
                0x0010e748                __cxxabiv1::__class_type_info::__do_upcast(__cxxabiv1::__class_type_info const*, void**) const
 .text._ZNK10__cxxabiv117__class_type_info20__do_find_public_srcEiPKvPKS0_S2_
                0x0010e7a4       0x14 C:/devkitPro/devkitARM/bin/../lib/gcc/arm-none-eabi/15.1.0/../../../../arm-none-eabi/lib/armv6k/fpu\libstdc++.a(class_type_info.o)
                0x0010e7a4                __cxxabiv1::__class_type_info::__do_find_public_src(int, void const*, __cxxabiv1::__class_type_info const*, void const*) const
 .text._ZN10__cxxabiv117__class_type_infoD2Ev
                0x0010e7b8       0x20 C:/devkitPro/devkitARM/bin/../lib/gcc/arm-none-eabi/15.1.0/../../../../arm-none-eabi/lib/armv6k/fpu\libstdc++.a(class_type_info.o)
                0x0010e7b8                __cxxabiv1::__class_type_info::~__class_type_info()
                0x0010e7b8                __cxxabiv1::__class_type_info::~__class_type_info()
 .text._ZN10__cxxabiv117__class_type_infoD0Ev
                0x0010e7d8       0x2c C:/devkitPro/devkitARM/bin/../lib/gcc/arm-none-eabi/15.1.0/../../../../arm-none-eabi/lib/armv6k/fpu\libstdc++.a(class_type_info.o)
                0x0010e7d8                __cxxabiv1::__class_type_info::~__class_type_info()
 .text._ZNK10__cxxabiv117__class_type_info11__do_upcastEPKS0_PKvRNS0_15__upcast_resultE
                0x0010e804       0x70 C:/devkitPro/devkitARM/bin/../lib/gcc/arm-none-eabi/15.1.0/../../../../arm-none-eabi/lib/armv6k/fpu\libstdc++.a(class_type_info.o)
                0x0010e804                __cxxabiv1::__class_type_info::__do_upcast(__cxxabiv1::__class_type_info const*, void const*, __cxxabiv1::__class_type_info::__upcast_result&) const
 .text._ZNK10__cxxabiv117__class_type_info10__do_catchEPKSt9type_infoPPvj
                0x0010e874       0x90 C:/devkitPro/devkitARM/bin/../lib/gcc/arm-none-eabi/15.1.0/../../../../arm-none-eabi/lib/armv6k/fpu\libstdc++.a(class_type_info.o)
                0x0010e874                __cxxabiv1::__class_type_info::__do_catch(std::type_info const*, void**, unsigned int) const
 .text._ZNK10__cxxabiv117__class_type_info12__do_dyncastEiNS0_10__sub_kindEPKS0_PKvS3_S5_RNS0_16__dyncast_resultE
                0x0010e904       0xf8 C:/devkitPro/devkitARM/bin/../lib/gcc/arm-none-eabi/15.1.0/../../../../arm-none-eabi/lib/armv6k/fpu\libstdc++.a(class_type_info.o)
                0x0010e904                __cxxabiv1::__class_type_info::__do_dyncast(int, __cxxabiv1::__class_type_info::__sub_kind, __cxxabiv1::__class_type_info const*, void const*, __cxxabiv1::__class_type_info const*, void const*, __cxxabiv1::__class_type_info::__dyncast_result&) const
 .text.unlikely._ZN10__cxxabiv1L24__is_gxx_exception_classEPc
                0x0010e9fc       0x70 C:/devkitPro/devkitARM/bin/../lib/gcc/arm-none-eabi/15.1.0/../../../../arm-none-eabi/lib/armv6k/fpu\libstdc++.a(eh_call.o)
 .text.unlikely.__cxa_call_terminate
                0x0010ea6c       0x2c C:/devkitPro/devkitARM/bin/../lib/gcc/arm-none-eabi/15.1.0/../../../../arm-none-eabi/lib/armv6k/fpu\libstdc++.a(eh_call.o)
                0x0010ea6c                __cxa_call_terminate
 .text.unlikely.__cxa_call_unexpected
                0x0010ea98      0x148 C:/devkitPro/devkitARM/bin/../lib/gcc/arm-none-eabi/15.1.0/../../../../arm-none-eabi/lib/armv6k/fpu\libstdc++.a(eh_call.o)
                0x0010ea98                __cxa_call_unexpected
 .text.__udivmoddi4
                0x0010ebe0      0x130 C:/devkitPro/devkitARM/bin/../lib/gcc/arm-none-eabi/15.1.0/armv6k/fpu\libgcc.a(_udivmoddi4.o)
                0x0010ebe0                __udivmoddi4
 .text.selfrel_offset31
                0x0010ed10       0x18 C:/devkitPro/devkitARM/bin/../lib/gcc/arm-none-eabi/15.1.0/armv6k/fpu\libgcc.a(unwind-arm.o)
 .text.search_EIT_table
                0x0010ed28       0x90 C:/devkitPro/devkitARM/bin/../lib/gcc/arm-none-eabi/15.1.0/armv6k/fpu\libgcc.a(unwind-arm.o)
 .text.__gnu_unwind_get_pr_addr
                0x0010edb8       0x40 C:/devkitPro/devkitARM/bin/../lib/gcc/arm-none-eabi/15.1.0/armv6k/fpu\libgcc.a(unwind-arm.o)
 .text.get_eit_entry
                0x0010edf8      0x110 C:/devkitPro/devkitARM/bin/../lib/gcc/arm-none-eabi/15.1.0/armv6k/fpu\libgcc.a(unwind-arm.o)
 .text.restore_non_core_regs
                0x0010ef08       0x88 C:/devkitPro/devkitARM/bin/../lib/gcc/arm-none-eabi/15.1.0/armv6k/fpu\libgcc.a(unwind-arm.o)
 .text._Unwind_decode_typeinfo_ptr.constprop.0
                0x0010ef90       0x14 C:/devkitPro/devkitARM/bin/../lib/gcc/arm-none-eabi/15.1.0/armv6k/fpu\libgcc.a(unwind-arm.o)
 .text._Unwind_DebugHook
                0x0010efa4        0x4 C:/devkitPro/devkitARM/bin/../lib/gcc/arm-none-eabi/15.1.0/armv6k/fpu\libgcc.a(unwind-arm.o)
 .text.unwind_phase2
                0x0010efa8       0x64 C:/devkitPro/devkitARM/bin/../lib/gcc/arm-none-eabi/15.1.0/armv6k/fpu\libgcc.a(unwind-arm.o)
 .text.unwind_phase2_forced
                0x0010f00c      0x13c C:/devkitPro/devkitARM/bin/../lib/gcc/arm-none-eabi/15.1.0/armv6k/fpu\libgcc.a(unwind-arm.o)
 .text.__gnu_Unwind_RaiseException
                0x0010f148       0xa4 C:/devkitPro/devkitARM/bin/../lib/gcc/arm-none-eabi/15.1.0/armv6k/fpu\libgcc.a(unwind-arm.o)
                0x0010f148                __gnu_Unwind_RaiseException
 .text.__gnu_Unwind_ForcedUnwind
                0x0010f1ec       0x20 C:/devkitPro/devkitARM/bin/../lib/gcc/arm-none-eabi/15.1.0/armv6k/fpu\libgcc.a(unwind-arm.o)
                0x0010f1ec                __gnu_Unwind_ForcedUnwind
 .text.__gnu_Unwind_Resume
                0x0010f20c       0x74 C:/devkitPro/devkitARM/bin/../lib/gcc/arm-none-eabi/15.1.0/armv6k/fpu\libgcc.a(unwind-arm.o)
                0x0010f20c                __gnu_Unwind_Resume
 .text.__gnu_Unwind_Resume_or_Rethrow
                0x0010f280       0x20 C:/devkitPro/devkitARM/bin/../lib/gcc/arm-none-eabi/15.1.0/armv6k/fpu\libgcc.a(unwind-arm.o)
                0x0010f280                __gnu_Unwind_Resume_or_Rethrow
 .text._Unwind_Complete
                0x0010f2a0        0x4 C:/devkitPro/devkitARM/bin/../lib/gcc/arm-none-eabi/15.1.0/armv6k/fpu\libgcc.a(unwind-arm.o)
                0x0010f2a0                _Unwind_Complete
 .text._Unwind_DeleteException
                0x0010f2a4       0x18 C:/devkitPro/devkitARM/bin/../lib/gcc/arm-none-eabi/15.1.0/armv6k/fpu\libgcc.a(unwind-arm.o)
                0x0010f2a4                _Unwind_DeleteException
 .text._Unwind_VRS_Get
                0x0010f2bc       0x64 C:/devkitPro/devkitARM/bin/../lib/gcc/arm-none-eabi/15.1.0/armv6k/fpu\libgcc.a(unwind-arm.o)
                0x0010f2bc                _Unwind_VRS_Get
 .text._Unwind_GetGR
                0x0010f320       0x2c C:/devkitPro/devkitARM/bin/../lib/gcc/arm-none-eabi/15.1.0/armv6k/fpu\libgcc.a(unwind-arm.o)
 .text._Unwind_VRS_Set
                0x0010f34c       0x64 C:/devkitPro/devkitARM/bin/../lib/gcc/arm-none-eabi/15.1.0/armv6k/fpu\libgcc.a(unwind-arm.o)
                0x0010f34c                _Unwind_VRS_Set
 .text._Unwind_SetGR
                0x0010f3b0       0x2c C:/devkitPro/devkitARM/bin/../lib/gcc/arm-none-eabi/15.1.0/armv6k/fpu\libgcc.a(unwind-arm.o)
 .text.__gnu_Unwind_Backtrace
                0x0010f3dc       0xc0 C:/devkitPro/devkitARM/bin/../lib/gcc/arm-none-eabi/15.1.0/armv6k/fpu\libgcc.a(unwind-arm.o)
                0x0010f3dc                __gnu_Unwind_Backtrace
 .text.__gnu_unwind_pr_common
                0x0010f49c      0x40c C:/devkitPro/devkitARM/bin/../lib/gcc/arm-none-eabi/15.1.0/armv6k/fpu\libgcc.a(unwind-arm.o)
 .text.__aeabi_unwind_cpp_pr0
                0x0010f8a8        0x8 C:/devkitPro/devkitARM/bin/../lib/gcc/arm-none-eabi/15.1.0/armv6k/fpu\libgcc.a(unwind-arm.o)
                0x0010f8a8                __aeabi_unwind_cpp_pr0
 .text.__aeabi_unwind_cpp_pr1
                0x0010f8b0        0x8 C:/devkitPro/devkitARM/bin/../lib/gcc/arm-none-eabi/15.1.0/armv6k/fpu\libgcc.a(unwind-arm.o)
                0x0010f8b0                __aeabi_unwind_cpp_pr1
 .text.__aeabi_unwind_cpp_pr2
                0x0010f8b8        0x8 C:/devkitPro/devkitARM/bin/../lib/gcc/arm-none-eabi/15.1.0/armv6k/fpu\libgcc.a(unwind-arm.o)
                0x0010f8b8                __aeabi_unwind_cpp_pr2
 .text._Unwind_VRS_Pop
                0x0010f8c0      0x458 C:/devkitPro/devkitARM/bin/../lib/gcc/arm-none-eabi/15.1.0/armv6k/fpu\libgcc.a(unwind-arm.o)
                0x0010f8c0                _Unwind_VRS_Pop
 .text.next_unwind_byte
                0x0010fd18       0x64 C:/devkitPro/devkitARM/bin/../lib/gcc/arm-none-eabi/15.1.0/armv6k/fpu\libgcc.a(pr-support.o)
 .text._Unwind_GetGR.constprop.0
                0x0010fd7c       0x2c C:/devkitPro/devkitARM/bin/../lib/gcc/arm-none-eabi/15.1.0/armv6k/fpu\libgcc.a(pr-support.o)
 .text.unwind_UCB_from_context
                0x0010fda8        0x4 C:/devkitPro/devkitARM/bin/../lib/gcc/arm-none-eabi/15.1.0/armv6k/fpu\libgcc.a(pr-support.o)
 .text.__gnu_unwind_execute
                0x0010fdac      0x464 C:/devkitPro/devkitARM/bin/../lib/gcc/arm-none-eabi/15.1.0/armv6k/fpu\libgcc.a(pr-support.o)
                0x0010fdac                __gnu_unwind_execute
 .text.__gnu_unwind_frame
                0x00110210       0x48 C:/devkitPro/devkitARM/bin/../lib/gcc/arm-none-eabi/15.1.0/armv6k/fpu\libgcc.a(pr-support.o)
                0x00110210                __gnu_unwind_frame
 .text._Unwind_GetRegionStart
                0x00110258       0x10 C:/devkitPro/devkitARM/bin/../lib/gcc/arm-none-eabi/15.1.0/armv6k/fpu\libgcc.a(pr-support.o)
                0x00110258                _Unwind_GetRegionStart
 .text._Unwind_GetLanguageSpecificData
                0x00110268       0x1c C:/devkitPro/devkitARM/bin/../lib/gcc/arm-none-eabi/15.1.0/armv6k/fpu\libgcc.a(pr-support.o)
                0x00110268                _Unwind_GetLanguageSpecificData
 .text.unlikely._Unwind_GetDataRelBase
                0x00110284        0x8 C:/devkitPro/devkitARM/bin/../lib/gcc/arm-none-eabi/15.1.0/armv6k/fpu\libgcc.a(pr-support.o)
                0x00110284                _Unwind_GetDataRelBase
 .text.unlikely._Unwind_GetTextRelBase
                0x0011028c        0x8 C:/devkitPro/devkitARM/bin/../lib/gcc/arm-none-eabi/15.1.0/armv6k/fpu\libgcc.a(pr-support.o)
                0x0011028c                _Unwind_GetTextRelBase
 .text.strncmp  0x00110294       0xd8 C:/devkitPro/devkitARM/bin/../lib/gcc/arm-none-eabi/15.1.0/../../../../arm-none-eabi/lib/armv6k/fpu\libg.a(libc_a-strncmp.o)
                0x00110294                strncmp
 .text.strchr   0x0011036c      0x140 C:/devkitPro/devkitARM/bin/../lib/gcc/arm-none-eabi/15.1.0/../../../../arm-none-eabi/lib/armv6k/fpu\libg.a(libc_a-strchr.o)
                0x0011036c                strchr
 .text.getenv   0x001104ac       0x24 C:/devkitPro/devkitARM/bin/../lib/gcc/arm-none-eabi/15.1.0/../../../../arm-none-eabi/lib/armv6k/fpu\libg.a(libc_a-getenv.o)
                0x001104ac                getenv
 .text.memmove  0x001104d0      0x16c C:/devkitPro/devkitARM/bin/../lib/gcc/arm-none-eabi/15.1.0/../../../../arm-none-eabi/lib/armv6k/fpu\libg.a(libc_a-memmove.o)
                0x001104d0                memmove
 .text.strlen   0x0011063c       0x8c C:/devkitPro/devkitARM/bin/../lib/gcc/arm-none-eabi/15.1.0/../../../../arm-none-eabi/lib/armv6k/fpu\libg.a(libc_a-strlen.o)
                0x0011063c                strlen
 .text.memcmp   0x001106c8       0xd8 C:/devkitPro/devkitARM/bin/../lib/gcc/arm-none-eabi/15.1.0/../../../../arm-none-eabi/lib/armv6k/fpu\libg.a(libc_a-memcmp.o)
                0x001106c8                memcmp
 .text.stdio_exit_handler
                0x001107a0       0x1c C:/devkitPro/devkitARM/bin/../lib/gcc/arm-none-eabi/15.1.0/../../../../arm-none-eabi/lib/armv6k/fpu\libg.a(libc_a-findfp.o)
 .text.cleanup_stdio
                0x001107bc       0x5c C:/devkitPro/devkitARM/bin/../lib/gcc/arm-none-eabi/15.1.0/../../../../arm-none-eabi/lib/armv6k/fpu\libg.a(libc_a-findfp.o)
 .text.global_stdio_init.part.0
                0x00110818      0x154 C:/devkitPro/devkitARM/bin/../lib/gcc/arm-none-eabi/15.1.0/../../../../arm-none-eabi/lib/armv6k/fpu\libg.a(libc_a-findfp.o)
 .text.__sinit  0x0011096c       0x5c C:/devkitPro/devkitARM/bin/../lib/gcc/arm-none-eabi/15.1.0/../../../../arm-none-eabi/lib/armv6k/fpu\libg.a(libc_a-findfp.o)
                0x0011096c                __sinit
 .text.__sfp_lock_acquire
                0x001109c8        0xc C:/devkitPro/devkitARM/bin/../lib/gcc/arm-none-eabi/15.1.0/../../../../arm-none-eabi/lib/armv6k/fpu\libg.a(libc_a-findfp.o)
                0x001109c8                __sfp_lock_acquire
 .text.__sfp_lock_release
                0x001109d4        0xc C:/devkitPro/devkitARM/bin/../lib/gcc/arm-none-eabi/15.1.0/../../../../arm-none-eabi/lib/armv6k/fpu\libg.a(libc_a-findfp.o)
                0x001109d4                __sfp_lock_release
 .text._strtoul_l.isra.0
                0x001109e0      0x1ec C:/devkitPro/devkitARM/bin/../lib/gcc/arm-none-eabi/15.1.0/../../../../arm-none-eabi/lib/armv6k/fpu\libg.a(libc_a-strtoul.o)
 .text.strtoul  0x00110bcc       0x3c C:/devkitPro/devkitARM/bin/../lib/gcc/arm-none-eabi/15.1.0/../../../../arm-none-eabi/lib/armv6k/fpu\libg.a(libc_a-strtoul.o)
                0x00110bcc                strtoul
 .text.__libc_init_array
                0x00110c08       0x84 C:/devkitPro/devkitARM/bin/../lib/gcc/arm-none-eabi/15.1.0/../../../../arm-none-eabi/lib/armv6k/fpu\libg.a(libc_a-init.o)
                0x00110c08                __libc_init_array
 .text.strncat  0x00110c8c       0x9c C:/devkitPro/devkitARM/bin/../lib/gcc/arm-none-eabi/15.1.0/../../../../arm-none-eabi/lib/armv6k/fpu\libg.a(libc_a-strncat.o)
                0x00110c8c                strncat
 .text._fwalk_sglue
                0x00110d28       0x70 C:/devkitPro/devkitARM/bin/../lib/gcc/arm-none-eabi/15.1.0/../../../../arm-none-eabi/lib/armv6k/fpu\libg.a(libc_a-fwalk.o)
                0x00110d28                _fwalk_sglue
 .text.bsearch  0x00110d98       0x78 C:/devkitPro/devkitARM/bin/../lib/gcc/arm-none-eabi/15.1.0/../../../../arm-none-eabi/lib/armv6k/fpu\libg.a(libc_a-bsearch.o)
                0x00110d98                bsearch
 .text.__errno  0x00110e10        0xc C:/devkitPro/devkitARM/bin/../lib/gcc/arm-none-eabi/15.1.0/../../../../arm-none-eabi/lib/armv6k/fpu\libg.a(libc_a-errno.o)
                0x00110e10                __errno
 .text.abort    0x00110e1c       0x14 C:/devkitPro/devkitARM/bin/../lib/gcc/arm-none-eabi/15.1.0/../../../../arm-none-eabi/lib/armv6k/fpu\libg.a(libc_a-abort.o)
                0x00110e1c                abort
 .text._puts_r  0x00110e30       0xe0 C:/devkitPro/devkitARM/bin/../lib/gcc/arm-none-eabi/15.1.0/../../../../arm-none-eabi/lib/armv6k/fpu\libg.a(libc_a-puts.o)
                0x00110e30                _puts_r
 .text.puts     0x00110f10       0x20 C:/devkitPro/devkitARM/bin/../lib/gcc/arm-none-eabi/15.1.0/../../../../arm-none-eabi/lib/armv6k/fpu\libg.a(libc_a-puts.o)
                0x00110f10                puts
 .text.memalign
                0x00110f30       0x28 C:/devkitPro/devkitARM/bin/../lib/gcc/arm-none-eabi/15.1.0/../../../../arm-none-eabi/lib/armv6k/fpu\libg.a(libc_a-malign.o)
                0x00110f30                memalign
 .text._malloc_r
                0x00110f58      0x82c C:/devkitPro/devkitARM/bin/../lib/gcc/arm-none-eabi/15.1.0/../../../../arm-none-eabi/lib/armv6k/fpu\libg.a(libc_a-mallocr.o)
                0x00110f58                _malloc_r
 .text.memchr   0x00111784       0xe8 C:/devkitPro/devkitARM/bin/../lib/gcc/arm-none-eabi/15.1.0/../../../../arm-none-eabi/lib/armv6k/fpu\libg.a(libc_a-memchr-stub.o)
                0x00111784                memchr
 .text._malloc_trim_r
                0x0011186c      0x114 C:/devkitPro/devkitARM/bin/../lib/gcc/arm-none-eabi/15.1.0/../../../../arm-none-eabi/lib/armv6k/fpu\libg.a(libc_a-freer.o)
                0x0011186c                _malloc_trim_r
 .text._free_r  0x00111980      0x314 C:/devkitPro/devkitARM/bin/../lib/gcc/arm-none-eabi/15.1.0/../../../../arm-none-eabi/lib/armv6k/fpu\libg.a(libc_a-freer.o)
                0x00111980                _free_r
 .text.printf   0x00111c94       0x34 C:/devkitPro/devkitARM/bin/../lib/gcc/arm-none-eabi/15.1.0/../../../../arm-none-eabi/lib/armv6k/fpu\libg.a(libc_a-printf.o)
                0x00111c94                printf
 .text.strnlen  0x00111cc8       0x3c C:/devkitPro/devkitARM/bin/../lib/gcc/arm-none-eabi/15.1.0/../../../../arm-none-eabi/lib/armv6k/fpu\libg.a(libc_a-strnlen.o)
                0x00111cc8                strnlen
 .text.malloc   0x00111d04       0x40 C:/devkitPro/devkitARM/bin/../lib/gcc/arm-none-eabi/15.1.0/../../../../arm-none-eabi/lib/armv6k/fpu\libg.a(libc_a-malloc.o)
                0x00111d04                malloc
 .text.free     0x00111d44       0x20 C:/devkitPro/devkitARM/bin/../lib/gcc/arm-none-eabi/15.1.0/../../../../arm-none-eabi/lib/armv6k/fpu\libg.a(libc_a-malloc.o)
                0x00111d44                free
 .text.__sflush_r
                0x00111d64      0x22c C:/devkitPro/devkitARM/bin/../lib/gcc/arm-none-eabi/15.1.0/../../../../arm-none-eabi/lib/armv6k/fpu\libg.a(libc_a-fflush.o)
                0x00111d64                __sflush_r
 .text._fflush_r
                0x00111f90       0xc4 C:/devkitPro/devkitARM/bin/../lib/gcc/arm-none-eabi/15.1.0/../../../../arm-none-eabi/lib/armv6k/fpu\libg.a(libc_a-fflush.o)
                0x00111f90                _fflush_r
 .text._findenv_r
                0x00112054       0xdc C:/devkitPro/devkitARM/bin/../lib/gcc/arm-none-eabi/15.1.0/../../../../arm-none-eabi/lib/armv6k/fpu\libg.a(libc_a-getenv_r.o)
                0x00112054                _findenv_r
 .text.memset   0x00112130       0xe4 C:/devkitPro/devkitARM/bin/../lib/gcc/arm-none-eabi/15.1.0/../../../../arm-none-eabi/lib/armv6k/fpu\libg.a(libc_a-memset.o)
                0x00112130                memset
 .text.__malloc_lock
                0x00112214        0xc C:/devkitPro/devkitARM/bin/../lib/gcc/arm-none-eabi/15.1.0/../../../../arm-none-eabi/lib/armv6k/fpu\libg.a(libc_a-mlock.o)
                0x00112214                __malloc_lock
 .text.__malloc_unlock
                0x00112220        0xc C:/devkitPro/devkitARM/bin/../lib/gcc/arm-none-eabi/15.1.0/../../../../arm-none-eabi/lib/armv6k/fpu\libg.a(libc_a-mlock.o)
                0x00112220                __malloc_unlock
 .text.__call_exitprocs
                0x0011222c        0x4 C:/devkitPro/devkitARM/bin/../lib/gcc/arm-none-eabi/15.1.0/../../../../arm-none-eabi/lib/armv6k/fpu\libg.a(libc_a-exit.o)
                0x0011222c                __call_exitprocs
 .text.exit     0x00112230       0x30 C:/devkitPro/devkitARM/bin/../lib/gcc/arm-none-eabi/15.1.0/../../../../arm-none-eabi/lib/armv6k/fpu\libg.a(libc_a-exit.o)
                0x00112230                exit
 .text.setvbuf  0x00112260      0x294 C:/devkitPro/devkitARM/bin/../lib/gcc/arm-none-eabi/15.1.0/../../../../arm-none-eabi/lib/armv6k/fpu\libg.a(libc_a-setvbuf.o)
                0x00112260                setvbuf
 .text.strncpy  0x001124f4       0xd4 C:/devkitPro/devkitARM/bin/../lib/gcc/arm-none-eabi/15.1.0/../../../../arm-none-eabi/lib/armv6k/fpu\libg.a(libc_a-strncpy.o)
                0x001124f4                strncpy
 .text.memcpy   0x001125c8      0x12c C:/devkitPro/devkitARM/bin/../lib/gcc/arm-none-eabi/15.1.0/../../../../arm-none-eabi/lib/armv6k/fpu\libg.a(libc_a-memcpy-stub.o)
                0x001125c8                memcpy
 .text.__sfvwrite_r
                0x001126f4      0x4a4 C:/devkitPro/devkitARM/bin/../lib/gcc/arm-none-eabi/15.1.0/../../../../arm-none-eabi/lib/armv6k/fpu\libg.a(libc_a-fvwrite.o)
                0x001126f4                __sfvwrite_r
 .text.__sread  0x00112b98       0x44 C:/devkitPro/devkitARM/bin/../lib/gcc/arm-none-eabi/15.1.0/../../../../arm-none-eabi/lib/armv6k/fpu\libg.a(libc_a-stdio.o)
                0x00112b98                __sread
 .text.__swrite
                0x00112bdc       0x68 C:/devkitPro/devkitARM/bin/../lib/gcc/arm-none-eabi/15.1.0/../../../../arm-none-eabi/lib/armv6k/fpu\libg.a(libc_a-stdio.o)
                0x00112bdc                __swrite
 .text.__sseek  0x00112c44       0x40 C:/devkitPro/devkitARM/bin/../lib/gcc/arm-none-eabi/15.1.0/../../../../arm-none-eabi/lib/armv6k/fpu\libg.a(libc_a-stdio.o)
                0x00112c44                __sseek
 .text.__sclose
                0x00112c84        0x8 C:/devkitPro/devkitARM/bin/../lib/gcc/arm-none-eabi/15.1.0/../../../../arm-none-eabi/lib/armv6k/fpu\libg.a(libc_a-stdio.o)
                0x00112c84                __sclose
 .text._raise_r
                0x00112c8c       0x9c C:/devkitPro/devkitARM/bin/../lib/gcc/arm-none-eabi/15.1.0/../../../../arm-none-eabi/lib/armv6k/fpu\libg.a(libc_a-signal.o)
                0x00112c8c                _raise_r
 .text.raise    0x00112d28       0x20 C:/devkitPro/devkitARM/bin/../lib/gcc/arm-none-eabi/15.1.0/../../../../arm-none-eabi/lib/armv6k/fpu\libg.a(libc_a-signal.o)
                0x00112d28                raise
 .text.__env_lock
                0x00112d48        0xc C:/devkitPro/devkitARM/bin/../lib/gcc/arm-none-eabi/15.1.0/../../../../arm-none-eabi/lib/armv6k/fpu\libg.a(libc_a-envlock.o)
                0x00112d48                __env_lock
 .text.__env_unlock
                0x00112d54        0xc C:/devkitPro/devkitARM/bin/../lib/gcc/arm-none-eabi/15.1.0/../../../../arm-none-eabi/lib/armv6k/fpu\libg.a(libc_a-envlock.o)
                0x00112d54                __env_unlock
 .text._fclose_r
                0x00112d60      0x144 C:/devkitPro/devkitARM/bin/../lib/gcc/arm-none-eabi/15.1.0/../../../../arm-none-eabi/lib/armv6k/fpu\libg.a(libc_a-fclose.o)
                0x00112d60                _fclose_r
 .text._memalign_r
                0x00112ea4      0x16c C:/devkitPro/devkitARM/bin/../lib/gcc/arm-none-eabi/15.1.0/../../../../arm-none-eabi/lib/armv6k/fpu\libg.a(libc_a-malignr.o)
                0x00112ea4                _memalign_r
 .text.get_arg  0x00113010      0x5e0 C:/devkitPro/devkitARM/bin/../lib/gcc/arm-none-eabi/15.1.0/../../../../arm-none-eabi/lib/armv6k/fpu\libg.a(libc_a-vfprintf.o)
 .text._vfprintf_r
                0x001135f0     0x3554 C:/devkitPro/devkitARM/bin/../lib/gcc/arm-none-eabi/15.1.0/../../../../arm-none-eabi/lib/armv6k/fpu\libg.a(libc_a-vfprintf.o)
                0x001135f0                _vfprintf_r
 .text.__sbprintf
                0x00116b44       0xb4 C:/devkitPro/devkitARM/bin/../lib/gcc/arm-none-eabi/15.1.0/../../../../arm-none-eabi/lib/armv6k/fpu\libg.a(libc_a-vfprintf.o)
 .text.quorem   0x00116bf8      0x1c0 C:/devkitPro/devkitARM/bin/../lib/gcc/arm-none-eabi/15.1.0/../../../../arm-none-eabi/lib/armv6k/fpu\libg.a(libc_a-dtoa.o)
 .text._dtoa_r  0x00116db8     0x13f0 C:/devkitPro/devkitARM/bin/../lib/gcc/arm-none-eabi/15.1.0/../../../../arm-none-eabi/lib/armv6k/fpu\libg.a(libc_a-dtoa.o)
                0x00116db8                _dtoa_r
 .text._wcrtomb_r
                0x001181a8       0xa0 C:/devkitPro/devkitARM/bin/../lib/gcc/arm-none-eabi/15.1.0/../../../../arm-none-eabi/lib/armv6k/fpu\libg.a(libc_a-wcrtomb.o)
                0x001181a8                _wcrtomb_r
 .text.__libc_fini_array
                0x00118248       0x3c C:/devkitPro/devkitARM/bin/../lib/gcc/arm-none-eabi/15.1.0/../../../../arm-none-eabi/lib/armv6k/fpu\libg.a(libc_a-fini.o)
                0x00118248                __libc_fini_array
 .text.__smakebuf_r
                0x00118284      0x164 C:/devkitPro/devkitARM/bin/../lib/gcc/arm-none-eabi/15.1.0/../../../../arm-none-eabi/lib/armv6k/fpu\libg.a(libc_a-makebuf.o)
                0x00118284                __smakebuf_r
 .text.__swhatbuf_r
                0x001183e8       0x90 C:/devkitPro/devkitARM/bin/../lib/gcc/arm-none-eabi/15.1.0/../../../../arm-none-eabi/lib/armv6k/fpu\libg.a(libc_a-makebuf.o)
                0x001183e8                __swhatbuf_r
 .text._realloc_r
                0x00118478      0x4f0 C:/devkitPro/devkitARM/bin/../lib/gcc/arm-none-eabi/15.1.0/../../../../arm-none-eabi/lib/armv6k/fpu\libg.a(libc_a-reallocr.o)
                0x00118478                _realloc_r
 .text._wcsrtombs_r
                0x00118968       0x28 C:/devkitPro/devkitARM/bin/../lib/gcc/arm-none-eabi/15.1.0/../../../../arm-none-eabi/lib/armv6k/fpu\libg.a(libc_a-wcsrtombs.o)
                0x00118968                _wcsrtombs_r
 .text.__swsetup_r
                0x00118990      0x140 C:/devkitPro/devkitARM/bin/../lib/gcc/arm-none-eabi/15.1.0/../../../../arm-none-eabi/lib/armv6k/fpu\libg.a(libc_a-wsetup.o)
                0x00118990                __swsetup_r
 .text.frexp    0x00118ad0       0x88 C:/devkitPro/devkitARM/bin/../lib/gcc/arm-none-eabi/15.1.0/../../../../arm-none-eabi/lib/armv6k/fpu\libg.a(libm_a-s_frexp.o)
                0x00118ad0                frexp
 .text.__assert_func
                0x00118b58       0x5c C:/devkitPro/devkitARM/bin/../lib/gcc/arm-none-eabi/15.1.0/../../../../arm-none-eabi/lib/armv6k/fpu\libg.a(libc_a-assert.o)
                0x00118b58                __assert_func
 .text._Balloc  0x00118bb4       0x88 C:/devkitPro/devkitARM/bin/../lib/gcc/arm-none-eabi/15.1.0/../../../../arm-none-eabi/lib/armv6k/fpu\libg.a(libc_a-mprec.o)
                0x00118bb4                _Balloc
 .text._Bfree   0x00118c3c       0x1c C:/devkitPro/devkitARM/bin/../lib/gcc/arm-none-eabi/15.1.0/../../../../arm-none-eabi/lib/armv6k/fpu\libg.a(libc_a-mprec.o)
                0x00118c3c                _Bfree
 .text.__multadd
                0x00118c58       0xf4 C:/devkitPro/devkitARM/bin/../lib/gcc/arm-none-eabi/15.1.0/../../../../arm-none-eabi/lib/armv6k/fpu\libg.a(libc_a-mprec.o)
                0x00118c58                __multadd
 .text.__hi0bits
                0x00118d4c       0x80 C:/devkitPro/devkitARM/bin/../lib/gcc/arm-none-eabi/15.1.0/../../../../arm-none-eabi/lib/armv6k/fpu\libg.a(libc_a-mprec.o)
                0x00118d4c                __hi0bits
 .text.__lo0bits
                0x00118dcc       0xf0 C:/devkitPro/devkitARM/bin/../lib/gcc/arm-none-eabi/15.1.0/../../../../arm-none-eabi/lib/armv6k/fpu\libg.a(libc_a-mprec.o)
                0x00118dcc                __lo0bits
 .text.__i2b    0x00118ebc       0xa4 C:/devkitPro/devkitARM/bin/../lib/gcc/arm-none-eabi/15.1.0/../../../../arm-none-eabi/lib/armv6k/fpu\libg.a(libc_a-mprec.o)
                0x00118ebc                __i2b
 .text.__multiply
                0x00118f60      0x230 C:/devkitPro/devkitARM/bin/../lib/gcc/arm-none-eabi/15.1.0/../../../../arm-none-eabi/lib/armv6k/fpu\libg.a(libc_a-mprec.o)
                0x00118f60                __multiply
 .text.__pow5mult
                0x00119190      0x130 C:/devkitPro/devkitARM/bin/../lib/gcc/arm-none-eabi/15.1.0/../../../../arm-none-eabi/lib/armv6k/fpu\libg.a(libc_a-mprec.o)
                0x00119190                __pow5mult
 .text.__lshift
                0x001192c0      0x138 C:/devkitPro/devkitARM/bin/../lib/gcc/arm-none-eabi/15.1.0/../../../../arm-none-eabi/lib/armv6k/fpu\libg.a(libc_a-mprec.o)
                0x001192c0                __lshift
 .text.__mcmp   0x001193f8       0x58 C:/devkitPro/devkitARM/bin/../lib/gcc/arm-none-eabi/15.1.0/../../../../arm-none-eabi/lib/armv6k/fpu\libg.a(libc_a-mprec.o)
                0x001193f8                __mcmp
 .text.__mdiff  0x00119450      0x218 C:/devkitPro/devkitARM/bin/../lib/gcc/arm-none-eabi/15.1.0/../../../../arm-none-eabi/lib/armv6k/fpu\libg.a(libc_a-mprec.o)
                0x00119450                __mdiff
 .text.__d2b    0x00119668      0x120 C:/devkitPro/devkitARM/bin/../lib/gcc/arm-none-eabi/15.1.0/../../../../arm-none-eabi/lib/armv6k/fpu\libg.a(libc_a-mprec.o)
                0x00119668                __d2b
 .text.__locale_mb_cur_max
                0x00119788       0x24 C:/devkitPro/devkitARM/bin/../lib/gcc/arm-none-eabi/15.1.0/../../../../arm-none-eabi/lib/armv6k/fpu\libg.a(libc_a-locale.o)
                0x00119788                __locale_mb_cur_max
 .text.fiprintf
                0x001197ac       0x3c C:/devkitPro/devkitARM/bin/../lib/gcc/arm-none-eabi/15.1.0/../../../../arm-none-eabi/lib/armv6k/fpu\libg.a(libc_a-fiprintf.o)
                0x001197ac                fiprintf
 .text._wcsnrtombs_l
                0x001197e8      0x15c C:/devkitPro/devkitARM/bin/../lib/gcc/arm-none-eabi/15.1.0/../../../../arm-none-eabi/lib/armv6k/fpu\libg.a(libc_a-wcsnrtombs.o)
                0x001197e8                _wcsnrtombs_l
 .text._wcsnrtombs_r
                0x00119944       0x64 C:/devkitPro/devkitARM/bin/../lib/gcc/arm-none-eabi/15.1.0/../../../../arm-none-eabi/lib/armv6k/fpu\libg.a(libc_a-wcsnrtombs.o)
                0x00119944                _wcsnrtombs_r
 .text.__utf8_mbtowc
                0x001199a8      0x340 C:/devkitPro/devkitARM/bin/../lib/gcc/arm-none-eabi/15.1.0/../../../../arm-none-eabi/lib/armv6k/fpu\libg.a(libc_a-mbtowc_r.o)
                0x001199a8                __utf8_mbtowc
 .text.__sprint_r